{"logTime": "0525/130607", "correlationVector":"TQgoKLAzh3+6ljrGRuA0pH.1","action":"SyncServerConnectionManagerRequest", "result":"SYNC_SERVER_OK", "context":{"environment":"Prod_francecentral_prod-s01-062-eur-francecentral", "migrationStage":"NotStarted", "server":"akswtt11500000r"}}
{"logTime": "0525/130607", "correlationVector":"TQgoKLAzh3+6ljrGRuA0pH.2","action":"ProcessGetUpdates", "result":"Done", "context":{"dataType":"Encryption Keys", "deleted":"0", "process_failed_to_decrypt":"0", "process_pending_decryption":"0", "process_success":"1", "total":"1"}}
{"logTime": "0525/130608", "correlationVector":"jo9lgV9dRxPEps+pxV2LNk","action":"SyncServerConnectionManagerRequest", "result":"SYNC_SERVER_OK", "context":{"environment":"", "migrationStage":"", "server":""}}
{"logTime": "0525/130608", "correlationVector":"jo9lgV9dRxPEps+pxV2LNk.0","action":"EncryptionKeysFetcher.DownloadKeys:", "result":"Success", "context":Key count: 5, Last key timestamp: 2026-05-24T15:18:20Z}
{"logTime": "0525/130608", "correlationVector":"jo9lgV9dRxPEps+pxV2LNk.1","action":"EncryptionKeysManager::SetEncryptionKeys:", "result":"Success", "context":Key names[5]:[X5J8KH173W8o0fmsPj/Bs29GAutjkJMJQn543/veAjEQ/9d7E0GKCKYeK6g3O9wyqX8dQ1AMDoMB/0so9Xn5RA==][KZ125Lo7SaMmxP0AqUGCoIt0WFnRpqFrDPPbPPFQ3GwI/pmBYhFmfMebDputpgbErTY4IvqbMhdeB8XMSifedg==][Ok0w0GC40lSvn44vL4eypTjA/WSx+VSMou95uh7IvTwe9otSwc6TzNZXyF2HwN8bWAp+adtd598/b3IMSWJRPg==][3GUuUlcRuCVAY+LqbjNVIaBm4XypliErhSOry+fmpfpqiHAbmeHERELSwRPsbNx86g6R1aCZuGfwheajDut0pA==][N6EWJ71XxCeYNyVuCGBkaO/Pdwe/ryUCKjax5MNmj9ijoYx7CuukNWHt487STdXd89AUISBuhdhjGSwuxPXQXA==]}
{"logTime": "0525/130608", "correlationVector":"jo9lgV9dRxPEps+pxV2LNk.2","action":"EncryptionKeysManager::SetEncryptionKeysWithTimestamps:", "result":"Success", "context":Key timestamps[5]:[2023-08-04T17:49:44Z][2024-02-05T21:54:44Z][2024-10-17T07:47:16Z][2025-03-18T00:05:16Z][2026-05-24T15:18:20Z]}
{"logTime": "0525/130608", "correlationVector":"TQgoKLAzh3+6ljrGRuA0pH","action":"Initial GetUpdates", "result":"", "context":Reason: NEW_CLIENT. cV=TQgoKLAzh3+6ljrGRuA0pH}
{"logTime": "0525/130608", "correlationVector":"TQgoKLAzh3+6ljrGRuA0pH.3","action":"GetUpdates Response", "result":"Success", "context":Received 1 update(s). cV=TQgoKLAzh3+6ljrGRuA0pH.0;server=akswtt11500000r;cloudType=Consumer;environment=Prod_francecentral_prod-s01-062-eur-francecentral;migrationStage=NotStarted}
{"logTime": "0525/130608", "correlationVector":"2hhUR6khs05nPTuxyrK+AS","action":"Initial GetUpdates", "result":"", "context":Reason: NEWLY_SUPPORTED_DATATYPE. cV=2hhUR6khs05nPTuxyrK+AS}
{"logTime": "0525/130608", "correlationVector":"2hhUR6khs05nPTuxyrK+AS.1","action":"SyncServerConnectionManagerRequest", "result":"SYNC_SERVER_OK", "context":{"environment":"Prod_francecentral_prod-s01-062-eur-francecentral", "migrationStage":"NotStarted", "server":"akswtt115000003"}}
{"logTime": "0525/130608", "correlationVector":"2hhUR6khs05nPTuxyrK+AS.2","action":"ProcessGetUpdates", "result":"Done", "context":{"dataType":"Preferences", "deleted":"0", "process_failed_to_decrypt":"0", "process_pending_decryption":"0", "process_success":"40", "total":"40"}}
{"logTime": "0525/130608", "correlationVector":"2hhUR6khs05nPTuxyrK+AS.3","action":"ProcessGetUpdates", "result":"Done", "context":{"dataType":"Passwords", "deleted":"0", "process_failed_to_decrypt":"0", "process_pending_decryption":"0", "process_success":"14", "total":"14"}}
{"logTime": "0525/130608", "correlationVector":"2hhUR6khs05nPTuxyrK+AS.4","action":"ProcessGetUpdates", "result":"Done", "context":{"dataType":"Device Info", "deleted":"0", "process_failed_to_decrypt":"0", "process_pending_decryption":"0", "process_success":"5", "total":"5"}}
{"logTime": "0525/130608", "correlationVector":"2hhUR6khs05nPTuxyrK+AS.5","action":"GetUpdates Response", "result":"Success", "context":Received 59 update(s). cV=2hhUR6khs05nPTuxyrK+AS.0;server=akswtt115000003;cloudType=Consumer;environment=Prod_francecentral_prod-s01-062-eur-francecentral;migrationStage=NotStarted}
{"logTime": "0525/130608", "correlationVector":"J3GRtKzq3Rqk8lk1z5EeSw","action":"Initial GetUpdates", "result":"", "context":Reason: NEWLY_SUPPORTED_DATATYPE. cV=J3GRtKzq3Rqk8lk1z5EeSw}
{"logTime": "0525/130608", "correlationVector":"J3GRtKzq3Rqk8lk1z5EeSw.1","action":"SyncServerConnectionManagerRequest", "result":"SYNC_SERVER_OK", "context":{"environment":"Prod_francecentral_prod-s01-062-eur-francecentral", "migrationStage":"NotStarted", "server":"akswtt115000009"}}
{"logTime": "0525/130608", "correlationVector":"J3GRtKzq3Rqk8lk1z5EeSw.2","action":"ProcessGetUpdates", "result":"Done", "context":{"dataType":"Bookmarks", "deleted":"0", "process_failed_to_decrypt":"0", "process_pending_decryption":"0", "process_success":"6", "total":"6"}}
{"logTime": "0525/130608", "correlationVector":"J3GRtKzq3Rqk8lk1z5EeSw.3","action":"GetUpdates Response", "result":"Success", "context":Received 6 update(s). cV=J3GRtKzq3Rqk8lk1z5EeSw.0;server=akswtt115000009;cloudType=Consumer;environment=Prod_francecentral_prod-s01-062-eur-francecentral;migrationStage=NotStarted}
{"logTime": "0525/130608", "correlationVector":"v7Z/x8GsHjZRukQU6kZi4S","action":"Initial GetUpdates", "result":"", "context":Reason: NEWLY_SUPPORTED_DATATYPE. cV=v7Z/x8GsHjZRukQU6kZi4S}
{"logTime": "0525/130608", "correlationVector":"v7Z/x8GsHjZRukQU6kZi4S.1","action":"SyncServerConnectionManagerRequest", "result":"SYNC_SERVER_OK", "context":{"environment":"Prod_francecentral_prod-s01-062-eur-francecentral", "migrationStage":"NotStarted", "server":"akswtt11500000q"}}
{"logTime": "0525/130608", "correlationVector":"v7Z/x8GsHjZRukQU6kZi4S.2","action":"ProcessGetUpdates", "result":"Done", "context":{"dataType":"Autofill Profiles", "deleted":"0", "process_failed_to_decrypt":"0", "process_pending_decryption":"0", "process_success":"12", "total":"12"}}
{"logTime": "0525/130608", "correlationVector":"v7Z/x8GsHjZRukQU6kZi4S.3","action":"ProcessGetUpdates", "result":"Done", "context":{"dataType":"Autofill", "deleted":"0", "process_failed_to_decrypt":"0", "process_pending_decryption":"0", "process_success":"1", "total":"1"}}
{"logTime": "0525/130608", "correlationVector":"v7Z/x8GsHjZRukQU6kZi4S.4","action":"ProcessGetUpdates", "result":"Done", "context":{"dataType":"Sessions", "deleted":"0", "process_failed_to_decrypt":"0", "process_pending_decryption":"0", "process_success":"6", "total":"6"}}
{"logTime": "0525/130608", "correlationVector":"v7Z/x8GsHjZRukQU6kZi4S.5","action":"GetUpdates Response", "result":"Success", "context":Received 19 update(s). cV=v7Z/x8GsHjZRukQU6kZi4S.0;server=akswtt11500000q;cloudType=Consumer;environment=Prod_francecentral_prod-s01-062-eur-francecentral;migrationStage=NotStarted}
{"logTime": "0525/130608", "correlationVector":"+aSB+ItRypS5XLHg9jaVh8","action":"Initial GetUpdates", "result":"", "context":Reason: NEWLY_SUPPORTED_DATATYPE. cV=+aSB+ItRypS5XLHg9jaVh8}
{"logTime": "0525/130609", "correlationVector":"+aSB+ItRypS5XLHg9jaVh8.1","action":"SyncServerConnectionManagerRequest", "result":"SYNC_SERVER_OK", "context":{"environment":"Prod_francecentral_prod-s01-062-eur-francecentral", "migrationStage":"NotStarted", "server":"akswtt11500000u"}}
{"logTime": "0525/130609", "correlationVector":"+aSB+ItRypS5XLHg9jaVh8.2","action":"ProcessGetUpdates", "result":"Done", "context":{"dataType":"History", "deleted":"0", "process_failed_to_decrypt":"0", "process_pending_decryption":"0", "process_success":"18", "total":"18"}}
{"logTime": "0525/130609", "correlationVector":"+aSB+ItRypS5XLHg9jaVh8.3","action":"GetUpdates Response", "result":"Success", "context":Received 18 update(s). cV=+aSB+ItRypS5XLHg9jaVh8.0;server=akswtt11500000u;cloudType=Consumer;environment=Prod_francecentral_prod-s01-062-eur-francecentral;migrationStage=NotStarted}
{"logTime": "0525/130609", "correlationVector":"H2AogaFL2I2WJD2DPkhUzO","action":"Normal GetUpdate request", "result":"", "context":cV=H2AogaFL2I2WJD2DPkhUzO
Nudged types: Sessions, Device Info, User Consents
Refresh requested types: Bookmarks, Preferences, Passwords, Autofill Profiles, Autofill, Extensions, Sessions, Extension settings, History Delete Directives, Device Info, User Consents, Send Tab To Self, Web Apps, History, Saved Tab Group, WebAuthn Credentials, Collection, Edge E Drop, Edge Hub App Usage, Edge Wallet, Edge Workspace, Encryption Keys}
{"logTime": "0525/130609", "correlationVector":"H2AogaFL2I2WJD2DPkhUzO.1","action":"SyncServerConnectionManagerRequest", "result":"SYNC_SERVER_OK", "context":{"environment":"Prod_francecentral_prod-s01-062-eur-francecentral", "migrationStage":"NotStarted", "server":"akswtt115000003"}}
{"logTime": "0525/130609", "correlationVector":"H2AogaFL2I2WJD2DPkhUzO.2","action":"GetUpdates Response", "result":"Success", "context":Received 0 update(s). cV=H2AogaFL2I2WJD2DPkhUzO.0;server=akswtt115000003;cloudType=Consumer;environment=Prod_francecentral_prod-s01-062-eur-francecentral;migrationStage=NotStarted}
{"logTime": "0525/130609", "correlationVector":"cUW/m2cPQzLBAxA9p/aNrR","action":"DoCompareDataConsistency requsted types: ", "result":"Bookmarks, Preferences, Passwords, Extensions, Extension settings, History Delete Directives, Send Tab To Self, Web Apps, History, Saved Tab Group, WebAuthn Credentials, Collection, Edge E Drop, Edge Wallet, Edge Workspace, Encryption Keys"}
{"logTime": "0525/130609", "correlationVector":"cUW/m2cPQzLBAxA9p/aNrR.0","action":"CompareDataConsistency result: ", "result":"Compare result: Encryption Keys is consistent. local entities count is: 1 local entities hash is: s7oGeYvas+BFqXf8MlKfvsMzS90="}
{"logTime": "0525/130609", "correlationVector":"cUW/m2cPQzLBAxA9p/aNrR.1","action":"CompareDataConsistency result: ", "result":"Compare result: Bookmarks is consistent. local entities count is: 0 local entities hash is: "}
{"logTime": "0525/130609", "correlationVector":"cUW/m2cPQzLBAxA9p/aNrR.2","action":"CompareDataConsistency result: ", "result":"Compare result: Preferences is consistent. local entities count is: 40 local entities hash is: 1gSDW8KkDBZj4NT76S5EvH2I2Zg="}
{"logTime": "0525/130609", "correlationVector":"cUW/m2cPQzLBAxA9p/aNrR.3","action":"CompareDataConsistency result: ", "result":"Compare result: Extensions is consistent. local entities count is: 0 local entities hash is: "}
{"logTime": "0525/130609", "correlationVector":"cUW/m2cPQzLBAxA9p/aNrR.4","action":"CompareDataConsistency result: ", "result":"Compare result: Extension settings is consistent. local entities count is: 0 local entities hash is: "}
{"logTime": "0525/130609", "correlationVector":"cUW/m2cPQzLBAxA9p/aNrR.5","action":"CompareDataConsistency result: ", "result":"Compare result: History Delete Directives is consistent. local entities count is: 0 local entities hash is: "}
{"logTime": "0525/130609", "correlationVector":"cUW/m2cPQzLBAxA9p/aNrR.6","action":"CompareDataConsistency result: ", "result":"Server did not send this Send Tab To Self local entities count is: 0 local entities hash is: "}
{"logTime": "0525/130609", "correlationVector":"cUW/m2cPQzLBAxA9p/aNrR.7","action":"CompareDataConsistency result: ", "result":"Compare result: Web Apps is consistent. local entities count is: 0 local entities hash is: "}
{"logTime": "0525/130609", "correlationVector":"cUW/m2cPQzLBAxA9p/aNrR.8","action":"CompareDataConsistency result: ", "result":"Server did not send this History local entities count is: 0 local entities hash is: "}
{"logTime": "0525/130609", "correlationVector":"cUW/m2cPQzLBAxA9p/aNrR.9","action":"CompareDataConsistency result: ", "result":"Compare result: Saved Tab Group is consistent. local entities count is: 0 local entities hash is: "}
{"logTime": "0525/130609", "correlationVector":"cUW/m2cPQzLBAxA9p/aNrR.10","action":"CompareDataConsistency result: ", "result":"Server did not send this WebAuthn Credentials local entities count is: 0 local entities hash is: "}
{"logTime": "0525/130609", "correlationVector":"cUW/m2cPQzLBAxA9p/aNrR.11","action":"CompareDataConsistency result: ", "result":"Compare result: Collection is consistent. local entities count is: 0 local entities hash is: "}
{"logTime": "0525/130609", "correlationVector":"cUW/m2cPQzLBAxA9p/aNrR.12","action":"CompareDataConsistency result: ", "result":"Compare result: Edge E Drop is consistent. local entities count is: 0 local entities hash is: "}
{"logTime": "0525/130609", "correlationVector":"cUW/m2cPQzLBAxA9p/aNrR.13","action":"CompareDataConsistency result: ", "result":"Compare result: Edge Wallet is consistent. local entities count is: 0 local entities hash is: "}
{"logTime": "0525/130609", "correlationVector":"cUW/m2cPQzLBAxA9p/aNrR.14","action":"CompareDataConsistency result: ", "result":"Server did not send this Edge Workspace local entities count is: 0 local entities hash is: "}
{"logTime": "0525/130609", "correlationVector":"cUW/m2cPQzLBAxA9p/aNrR.15","action":"CompareDataConsistency result: ", "result":"Compare result: Passwords is consistent. local entities count is: 14 local entities hash is: 8oxubxUnWcaINrlZ1C5/5xDmmS0="}
{"logTime": "0525/130609", "correlationVector":"I7XnX8ZQeSQ/a3oEG4PfYs","action":"Commit Request", "result":"", "context":Item count: 4
Contributing types: Sessions, Device Info, User Consents}
{"logTime": "0525/130609", "correlationVector":"I7XnX8ZQeSQ/a3oEG4PfYs.1","action":"SyncServerConnectionManagerRequest", "result":"SYNC_SERVER_OK", "context":{"environment":"Prod_francecentral_prod-s01-062-eur-francecentral", "migrationStage":"NotStarted", "server":"akswtt11500000x"}}
{"logTime": "0525/130610", "correlationVector":"I7XnX8ZQeSQ/a3oEG4PfYs.2","action":"Commit Response", "result":"Success", "context":Result: Success. cV=I7XnX8ZQeSQ/a3oEG4PfYs.0;server=akswtt11500000x;cloudType=Consumer;environment=Prod_francecentral_prod-s01-062-eur-francecentral;migrationStage=NotStarted}
{"logTime": "0525/130610", "correlationVector":"","action":"DIAGNOSTIC_REQUEST|v1/diagnosticData/Diagnostic.SendCheckResult()|SUCCESS", "result":""}
{"logTime": "0525/130634", "correlationVector":"VFhp+FeBcfZjPTtPZ40hN6","action":"Commit Request", "result":"", "context":Item count: 3
Contributing types: Autofill Profiles, Sessions, History}
{"logTime": "0525/130635", "correlationVector":"VFhp+FeBcfZjPTtPZ40hN6.1","action":"SyncServerConnectionManagerRequest", "result":"SYNC_SERVER_OK", "context":{"environment":"Prod_francecentral_prod-s01-062-eur-francecentral", "migrationStage":"NotStarted", "server":"akswtt11500000k"}}
{"logTime": "0525/130635", "correlationVector":"VFhp+FeBcfZjPTtPZ40hN6.2","action":"Commit Response", "result":"Success", "context":Result: Success. cV=VFhp+FeBcfZjPTtPZ40hN6.0;server=akswtt11500000k;cloudType=Consumer;environment=Prod_francecentral_prod-s01-062-eur-francecentral;migrationStage=NotStarted}
{"logTime": "0525/130735", "correlationVector":"G2SfnN3tYKXwgnIUHaKSRT","action":"Commit Request", "result":"", "context":Item count: 1
Contributing types: History}
{"logTime": "0525/130735", "correlationVector":"G2SfnN3tYKXwgnIUHaKSRT.1","action":"SyncServerConnectionManagerRequest", "result":"SYNC_SERVER_OK", "context":{"environment":"Prod_francecentral_prod-s01-062-eur-francecentral", "migrationStage":"NotStarted", "server":"akswtt11500000j"}}
{"logTime": "0525/130735", "correlationVector":"G2SfnN3tYKXwgnIUHaKSRT.2","action":"Commit Response", "result":"Success", "context":Result: Success. cV=G2SfnN3tYKXwgnIUHaKSRT.0;server=akswtt11500000j;cloudType=Consumer;environment=Prod_francecentral_prod-s01-062-eur-francecentral;migrationStage=NotStarted}
{"logTime": "0525/131055", "correlationVector":"1cUwl3NkuznHffSJ3vFQn3","action":"Commit Request", "result":"", "context":Item count: 1
Contributing types: Sessions}
{"logTime": "0525/131055", "correlationVector":"1cUwl3NkuznHffSJ3vFQn3.1","action":"SyncServerConnectionManagerRequest", "result":"SYNC_SERVER_OK", "context":{"environment":"Prod_francecentral_prod-s01-062-eur-francecentral", "migrationStage":"NotStarted", "server":"akswtt115000000"}}
{"logTime": "0525/131055", "correlationVector":"1cUwl3NkuznHffSJ3vFQn3.2","action":"Commit Response", "result":"Success", "context":Result: Success. cV=1cUwl3NkuznHffSJ3vFQn3.0;server=akswtt115000000;cloudType=Consumer;environment=Prod_francecentral_prod-s01-062-eur-francecentral;migrationStage=NotStarted}
