2026-05-25 13:06:01.006: [INFO][Sync] Reset engine, reason: 8
2026-05-25 13:06:01.006: [INFO][Sync] Stopped: Bookmarks
2026-05-25 13:06:01.006: [INFO][Sync] Stopped: Preferences
2026-05-25 13:06:01.006: [INFO][Sync] Stopped: Passwords
2026-05-25 13:06:01.006: [INFO][Sync] Stopped: Autofill Profiles
2026-05-25 13:06:01.006: [INFO][Sync] Stopped: Autofill
2026-05-25 13:06:01.006: [INFO][Sync] Stopped: Extensions
2026-05-25 13:06:01.006: [INFO][Sync] Stopped: Sessions
2026-05-25 13:06:01.006: [INFO][Sync] Stopped: Extension settings
2026-05-25 13:06:01.006: [INFO][Sync] Stopped: History Delete Directives
2026-05-25 13:06:01.006: [INFO][Sync] Stopped: Device Info
2026-05-25 13:06:01.006: [INFO][Sync] Stopped: User Consents
2026-05-25 13:06:01.006: [INFO][Sync] Stopped: Send Tab To Self
2026-05-25 13:06:01.006: [INFO][Sync] Stopped: Web Apps
2026-05-25 13:06:01.006: [INFO][Sync] Stopped: History
2026-05-25 13:06:01.006: [INFO][Sync] Stopped: Saved Tab Group
2026-05-25 13:06:01.006: [INFO][Sync] Stopped: WebAuthn Credentials
2026-05-25 13:06:01.006: [INFO][Sync] Stopped: Collection
2026-05-25 13:06:01.006: [INFO][Sync] Stopped: Edge E Drop
2026-05-25 13:06:01.006: [INFO][Sync] Stopped: Edge Hub App Usage
2026-05-25 13:06:01.006: [INFO][Sync] Stopped: Edge Wallet
2026-05-25 13:06:01.006: [INFO][Sync] Stopped: Edge Workspace
2026-05-25 13:06:01.007: [INFO][Sync] SyncState after authenticated was: NotSignedIn
2026-05-25 13:06:01.475: [INFO][Sync] Reset engine, reason: 8
2026-05-25 13:06:01.475: [INFO][Sync] Stopped: Bookmarks
2026-05-25 13:06:01.475: [INFO][Sync] Stopped: Preferences
2026-05-25 13:06:01.475: [INFO][Sync] Stopped: Passwords
2026-05-25 13:06:01.475: [INFO][Sync] Stopped: Autofill Profiles
2026-05-25 13:06:01.475: [INFO][Sync] Stopped: Autofill
2026-05-25 13:06:01.475: [INFO][Sync] Stopped: Extensions
2026-05-25 13:06:01.475: [INFO][Sync] Stopped: Sessions
2026-05-25 13:06:01.475: [INFO][Sync] Stopped: Extension settings
2026-05-25 13:06:01.475: [INFO][Sync] Stopped: History Delete Directives
2026-05-25 13:06:01.475: [INFO][Sync] Stopped: Device Info
2026-05-25 13:06:01.475: [INFO][Sync] Stopped: User Consents
2026-05-25 13:06:01.475: [INFO][Sync] Stopped: Send Tab To Self
2026-05-25 13:06:01.475: [INFO][Sync] Stopped: Web Apps
2026-05-25 13:06:01.475: [INFO][Sync] Stopped: History
2026-05-25 13:06:01.475: [INFO][Sync] Stopped: Saved Tab Group
2026-05-25 13:06:01.475: [INFO][Sync] Stopped: WebAuthn Credentials
2026-05-25 13:06:01.475: [INFO][Sync] Stopped: Collection
2026-05-25 13:06:01.475: [INFO][Sync] Stopped: Edge E Drop
2026-05-25 13:06:01.475: [INFO][Sync] Stopped: Edge Hub App Usage
2026-05-25 13:06:01.475: [INFO][Sync] Stopped: Edge Wallet
2026-05-25 13:06:01.475: [INFO][Sync] Stopped: Edge Workspace
2026-05-25 13:06:05.455: [INFO][Sync] Try to start sync engine
2026-05-25 13:06:05.457: [INFO][SyncManagerImpl::NudgeForInitialDownload] Initial download nudge for Encryption Keys
2026-05-25 13:06:05.457: [INFO][SyncEngineBackend::LoadAndConnectNigoriController] Load and connect Nigori controller
2026-05-25 13:06:05.457: [INFO][SyncEngineBackend::DoInitialize] Control Types added: Encryption Keys
2026-05-25 13:06:05.457: [INFO][SyncManagerImpl::ConfigureSyncer] Types to download: Encryption Keys with reason: 3
2026-05-25 13:06:05.457: [INFO][SyncSchedulerImpl::DoConfigurationSyncCycleJob] Configure job was blocked
2026-05-25 13:06:07.343: [INFO][SyncAuthManager::SetLastAuthError] Current auth error: None
2026-05-25 13:06:07.343: [INFO][SyncAuthManager::EdgeLogTokenErrorState] Token error with: None for account type: MSA
2026-05-25 13:06:07.343: [INFO][Sync] Credentials changed for: EdgeSyncScopeNew
2026-05-25 13:06:07.436: [INFO][SyncAuthManager::SetLastAuthError] Current auth error: None
2026-05-25 13:06:07.436: [INFO][SyncAuthManager::EdgeLogTokenErrorState] Token error with: None for account type: MSA
2026-05-25 13:06:07.436: [INFO][Sync] Credentials changed for: EdgeSyncKeyDataScope
2026-05-25 13:06:07.436: [INFO][SyncEngineBackend::DoUpdateKeyDataCredentials] Update key data credentials
2026-05-25 13:06:07.436: [INFO][SyncEngineBackend::DoUpdateCredentials] Update credentials
2026-05-25 13:06:07.436: [INFO][SyncSchedulerImpl::DoConfigurationSyncCycleJob] Blocked types:  and types to download: Encryption Keys
2026-05-25 13:06:07.842: [INFO][Sync] Started DataTypeManager configuration, reason: 4
2026-05-25 13:06:07.843: [INFO][Sync] Configuring for: Bookmarks, Preferences, Passwords, Autofill Profiles, Autofill, Extensions, Sessions, Extension settings, History Delete Directives, Device Info, User Consents, Send Tab To Self, Web Apps, History, Saved Tab Group, WebAuthn Credentials, Collection, Edge E Drop, Edge Hub App Usage, Edge Wallet, Edge Workspace, Encryption Keys, reason: 3, current state: 0
2026-05-25 13:06:07.843: [WARN][Sync] Crypto error data types: Passwords, Autofill Profiles, Autofill
2026-05-25 13:06:07.846: [INFO][Sync] Configure, desired: Bookmarks, Preferences, Extensions, Sessions, Extension settings, History Delete Directives, Device Info, User Consents, Send Tab To Self, Web Apps, History, Saved Tab Group, WebAuthn Credentials, Collection, Edge E Drop, Edge Hub App Usage, Edge Wallet, Edge Workspace, Encryption Keys; Allow fail: Passwords, Autofill Profiles, Autofill
2026-05-25 13:06:07.847: [INFO][Sync] Loading: Bookmarks
2026-05-25 13:06:07.847: [INFO][Sync] Loading: Preferences
2026-05-25 13:06:07.847: [INFO][Sync] Loading: Extensions
2026-05-25 13:06:07.847: [INFO][Sync] Loading: Sessions
2026-05-25 13:06:07.847: [INFO][Sync] Loading: Extension settings
2026-05-25 13:06:07.847: [INFO][Sync] Loading: History Delete Directives
2026-05-25 13:06:07.847: [INFO][Sync] Loading: Device Info
2026-05-25 13:06:07.847: [INFO][Sync] Loading: User Consents
2026-05-25 13:06:07.847: [INFO][Sync] Loading: Send Tab To Self
2026-05-25 13:06:07.847: [INFO][Sync] Loading: Web Apps
2026-05-25 13:06:07.847: [INFO][Sync] Loading: History
2026-05-25 13:06:07.847: [INFO][Sync] Loading: Saved Tab Group
2026-05-25 13:06:07.847: [INFO][Sync] Loading: WebAuthn Credentials
2026-05-25 13:06:07.847: [INFO][Sync] Loading: Collection
2026-05-25 13:06:07.847: [INFO][Sync] Loading: Edge E Drop
2026-05-25 13:06:07.847: [INFO][Sync] Loading: Edge Hub App Usage
2026-05-25 13:06:07.847: [INFO][Sync] Loading: Edge Wallet
2026-05-25 13:06:07.847: [INFO][Sync] Loading: Edge Workspace
2026-05-25 13:06:07.853: [INFO][Sync] All data types are ready for configure.
2026-05-25 13:06:08.394: [INFO][Sync] Started DataTypeManager configuration, reason: 5
2026-05-25 13:06:08.394: [INFO][Sync] Configuring for: Bookmarks, Preferences, Passwords, Autofill Profiles, Autofill, Extensions, Sessions, Extension settings, History Delete Directives, Device Info, User Consents, Send Tab To Self, Web Apps, History, Saved Tab Group, WebAuthn Credentials, Collection, Edge E Drop, Edge Hub App Usage, Edge Wallet, Edge Workspace, Encryption Keys, reason: 5, current state: 1
2026-05-25 13:06:08.415: [INFO][SyncEngineBackend::DoStartConfiguration] Start configuration
2026-05-25 13:06:08.415: [INFO][SyncManagerImpl::NudgeForInitialDownload] Initial download nudge for Bookmarks
2026-05-25 13:06:08.415: [INFO][SyncManagerImpl::NudgeForInitialDownload] Initial download nudge for Preferences
2026-05-25 13:06:08.415: [INFO][SyncManagerImpl::NudgeForInitialDownload] Initial download nudge for Extensions
2026-05-25 13:06:08.415: [INFO][SyncManagerImpl::NudgeForInitialDownload] Initial download nudge for Sessions
2026-05-25 13:06:08.415: [INFO][SyncManagerImpl::NudgeForInitialDownload] Initial download nudge for Extension settings
2026-05-25 13:06:08.416: [INFO][SyncManagerImpl::NudgeForInitialDownload] Initial download nudge for History Delete Directives
2026-05-25 13:06:08.416: [INFO][SyncManagerImpl::NudgeForInitialDownload] Initial download nudge for Device Info
2026-05-25 13:06:08.416: [INFO][SyncManagerImpl::NudgeForInitialDownload] Initial download nudge for Send Tab To Self
2026-05-25 13:06:08.416: [INFO][SyncManagerImpl::NudgeForInitialDownload] Initial download nudge for Web Apps
2026-05-25 13:06:08.416: [INFO][SyncManagerImpl::NudgeForInitialDownload] Initial download nudge for History
2026-05-25 13:06:08.416: [INFO][SyncManagerImpl::NudgeForInitialDownload] Initial download nudge for Saved Tab Group
2026-05-25 13:06:08.416: [INFO][SyncManagerImpl::NudgeForInitialDownload] Initial download nudge for WebAuthn Credentials
2026-05-25 13:06:08.416: [INFO][SyncManagerImpl::NudgeForInitialDownload] Initial download nudge for Collection
2026-05-25 13:06:08.416: [INFO][SyncManagerImpl::NudgeForInitialDownload] Initial download nudge for Edge E Drop
2026-05-25 13:06:08.416: [INFO][SyncManagerImpl::NudgeForInitialDownload] Initial download nudge for Edge Hub App Usage
2026-05-25 13:06:08.416: [INFO][SyncManagerImpl::NudgeForInitialDownload] Initial download nudge for Edge Wallet
2026-05-25 13:06:08.416: [INFO][SyncManagerImpl::NudgeForInitialDownload] Initial download nudge for Edge Workspace
2026-05-25 13:06:08.416: [INFO][SyncManagerImpl::ConfigureSyncer] Types to download:  with reason: 3
2026-05-25 13:06:08.416: [INFO][SyncEngineBackend::DoFinishConfigureDataTypes] Failed to download types:  and succeeded types: 
2026-05-25 13:06:08.416: [INFO][Sync] ConfigurationDone, failed: , succeeded: , remaining count: 4
2026-05-25 13:06:08.416: [WARN][Sync]     Reconfigure requested while configuration ongoing.
2026-05-25 13:06:08.416: [INFO][Sync] Configuring for: Bookmarks, Preferences, Passwords, Autofill Profiles, Autofill, Extensions, Sessions, Extension settings, History Delete Directives, Device Info, User Consents, Send Tab To Self, Web Apps, History, Saved Tab Group, WebAuthn Credentials, Collection, Edge E Drop, Edge Hub App Usage, Edge Wallet, Edge Workspace, Encryption Keys, reason: 5, current state: 2
2026-05-25 13:06:08.416: [INFO][Sync] Configure, desired: Bookmarks, Preferences, Passwords, Autofill Profiles, Autofill, Extensions, Sessions, Extension settings, History Delete Directives, Device Info, User Consents, Send Tab To Self, Web Apps, History, Saved Tab Group, WebAuthn Credentials, Collection, Edge E Drop, Edge Hub App Usage, Edge Wallet, Edge Workspace, Encryption Keys; Allow fail: 
2026-05-25 13:06:08.416: [INFO][Sync] Loading: Passwords
2026-05-25 13:06:08.416: [INFO][Sync] Loading: Autofill Profiles
2026-05-25 13:06:08.416: [INFO][Sync] Loading: Autofill
2026-05-25 13:06:08.416: [INFO][Sync] All data types are ready for configure.
2026-05-25 13:06:08.416: [INFO][SyncManagerImpl::NudgeForInitialDownload] Initial download nudge for Passwords
2026-05-25 13:06:08.416: [INFO][SyncManagerImpl::NudgeForInitialDownload] Initial download nudge for Autofill Profiles
2026-05-25 13:06:08.416: [INFO][SyncManagerImpl::NudgeForInitialDownload] Initial download nudge for Autofill
2026-05-25 13:06:08.416: [INFO][SyncManagerImpl::ConfigureSyncer] Types to download:  with reason: 5
2026-05-25 13:06:08.416: [INFO][SyncEngineBackend::DoFinishConfigureDataTypes] Failed to download types:  and succeeded types: 
2026-05-25 13:06:08.417: [INFO][Sync] ConfigurationDone, failed: , succeeded: , remaining count: 4
2026-05-25 13:06:08.417: [INFO][Sync] Prepare to configure types: Preferences, Passwords, Device Info, Send Tab To Self, Edge E Drop, Encryption Keys
2026-05-25 13:06:08.418: [INFO][SyncManagerImpl::ConfigureSyncer] Types to download: Preferences, Passwords, Device Info, Send Tab To Self, Edge E Drop, Encryption Keys with reason: 5
2026-05-25 13:06:08.418: [INFO][SyncSchedulerImpl::DoConfigurationSyncCycleJob] Blocked types:  and types to download: Preferences, Passwords, Device Info, Send Tab To Self, Edge E Drop, Encryption Keys
2026-05-25 13:06:08.617: [INFO][SyncEngineBackend::DoFinishConfigureDataTypes] Failed to download types:  and succeeded types: Preferences, Passwords, Device Info, Send Tab To Self, Edge E Drop, Encryption Keys
2026-05-25 13:06:08.621: [INFO][Sync] ConfigurationDone, failed: , succeeded: Preferences, Passwords, Device Info, Send Tab To Self, Edge E Drop, Encryption Keys, remaining count: 3
2026-05-25 13:06:08.621: [INFO][Sync] Prepare to configure types: Bookmarks, Encryption Keys
2026-05-25 13:06:08.621: [INFO][SyncManagerImpl::ConfigureSyncer] Types to download: Bookmarks, Encryption Keys with reason: 5
2026-05-25 13:06:08.621: [INFO][SyncSchedulerImpl::DoConfigurationSyncCycleJob] Blocked types:  and types to download: Bookmarks, Encryption Keys
2026-05-25 13:06:08.769: [INFO][SyncEngineBackend::DoFinishConfigureDataTypes] Failed to download types:  and succeeded types: Bookmarks, Encryption Keys
2026-05-25 13:06:08.773: [INFO][Sync] ConfigurationDone, failed: , succeeded: Bookmarks, Encryption Keys, remaining count: 2
2026-05-25 13:06:08.773: [INFO][Sync] Prepare to configure types: Autofill Profiles, Autofill, Extensions, Sessions, Extension settings, History Delete Directives, Web Apps, Saved Tab Group, WebAuthn Credentials, Collection, Edge Hub App Usage, Edge Wallet, Edge Workspace, Encryption Keys
2026-05-25 13:06:08.774: [INFO][SyncManagerImpl::ConfigureSyncer] Types to download: Autofill Profiles, Autofill, Extensions, Sessions, Extension settings, History Delete Directives, Web Apps, Saved Tab Group, WebAuthn Credentials, Collection, Edge Hub App Usage, Edge Wallet, Edge Workspace, Encryption Keys with reason: 5
2026-05-25 13:06:08.774: [INFO][SyncSchedulerImpl::DoConfigurationSyncCycleJob] Blocked types:  and types to download: Autofill Profiles, Autofill, Extensions, Sessions, Extension settings, History Delete Directives, Web Apps, Saved Tab Group, WebAuthn Credentials, Collection, Edge Hub App Usage, Edge Wallet, Edge Workspace, Encryption Keys
2026-05-25 13:06:08.937: [INFO][SyncEngineBackend::DoFinishConfigureDataTypes] Failed to download types:  and succeeded types: Autofill Profiles, Autofill, Extensions, Sessions, Extension settings, History Delete Directives, Web Apps, Saved Tab Group, WebAuthn Credentials, Collection, Edge Hub App Usage, Edge Wallet, Edge Workspace, Encryption Keys
2026-05-25 13:06:08.941: [INFO][Sync] ConfigurationDone, failed: , succeeded: Autofill Profiles, Autofill, Extensions, Sessions, Extension settings, History Delete Directives, Web Apps, Saved Tab Group, WebAuthn Credentials, Collection, Edge Hub App Usage, Edge Wallet, Edge Workspace, Encryption Keys, remaining count: 1
2026-05-25 13:06:08.946: [INFO][Sync] Prepare to configure types: History, Encryption Keys
2026-05-25 13:06:08.946: [INFO][SyncManagerImpl::ConfigureSyncer] Types to download: History, Encryption Keys with reason: 5
2026-05-25 13:06:08.946: [INFO][SyncSchedulerImpl::DoConfigurationSyncCycleJob] Blocked types:  and types to download: History, Encryption Keys
2026-05-25 13:06:09.096: [INFO][SyncEngineBackend::DoFinishConfigureDataTypes] Failed to download types:  and succeeded types: History, Encryption Keys
2026-05-25 13:06:09.103: [INFO][Sync] ConfigurationDone, failed: , succeeded: History, Encryption Keys, remaining count: 0
2026-05-25 13:06:09.111: [INFO][Sync]     Configuration completed, state: 7
2026-05-25 13:06:09.111: [INFO][Sync] Configured DataTypeManager: Ok
2026-05-25 13:06:09.120: [INFO][SyncEngineBackend::DoStartSyncing] Start syncing
2026-05-25 13:14:48.453: [INFO][Sync] Reset engine, reason: 0
2026-05-25 13:14:48.453: [INFO][Sync] Reset engine with reason: 0
2026-05-26 02:17:50.129: [INFO][Sync] SyncState after authenticated was: FeatureNotRequestedNotSetup
2026-05-26 02:17:50.420: [INFO][Sync] Try to start sync engine
2026-05-26 02:17:50.427: [INFO][SyncManagerImpl::NudgeForInitialDownload] Initial download nudge for Encryption Keys
2026-05-26 02:17:50.427: [INFO][SyncEngineBackend::LoadAndConnectNigoriController] Load and connect Nigori controller
2026-05-26 02:17:50.427: [INFO][SyncEngineBackend::DoInitialize] Control Types added: Encryption Keys
2026-05-26 02:17:50.427: [INFO][SyncManagerImpl::ConfigureSyncer] Types to download: Encryption Keys with reason: 3
2026-05-26 02:17:50.427: [INFO][SyncSchedulerImpl::DoConfigurationSyncCycleJob] Configure job was blocked
2026-05-26 02:17:54.116: [INFO][SyncAuthManager::SetLastAuthError] Current auth error: None
2026-05-26 02:17:54.116: [INFO][SyncAuthManager::EdgeLogTokenErrorState] Token error with: None for account type: MSA
2026-05-26 02:17:54.116: [INFO][Sync] Credentials changed for: EdgeSyncScopeNew
2026-05-26 02:20:30.626: [INFO][Sync] Reset engine, reason: 0
2026-05-26 02:20:30.626: [INFO][Sync] Reset engine with reason: 0
2026-05-26 13:12:46.259: [INFO][Sync] Reset engine, reason: 8
2026-05-26 13:12:46.259: [INFO][Sync] Stopped: Bookmarks
2026-05-26 13:12:46.259: [INFO][Sync] Stopped: Preferences
2026-05-26 13:12:46.259: [INFO][Sync] Stopped: Passwords
2026-05-26 13:12:46.259: [INFO][Sync] Stopped: Autofill Profiles
2026-05-26 13:12:46.259: [INFO][Sync] Stopped: Autofill
2026-05-26 13:12:46.259: [INFO][Sync] Stopped: Extensions
2026-05-26 13:12:46.259: [INFO][Sync] Stopped: Sessions
2026-05-26 13:12:46.259: [INFO][Sync] Stopped: Extension settings
2026-05-26 13:12:46.259: [INFO][Sync] Stopped: History Delete Directives
2026-05-26 13:12:46.259: [INFO][Sync] Stopped: Device Info
2026-05-26 13:12:46.259: [INFO][Sync] Stopped: User Consents
2026-05-26 13:12:46.259: [INFO][Sync] Stopped: Send Tab To Self
2026-05-26 13:12:46.259: [INFO][Sync] Stopped: Web Apps
2026-05-26 13:12:46.259: [INFO][Sync] Stopped: History
2026-05-26 13:12:46.259: [INFO][Sync] Stopped: Saved Tab Group
2026-05-26 13:12:46.259: [INFO][Sync] Stopped: WebAuthn Credentials
2026-05-26 13:12:46.259: [INFO][Sync] Stopped: Collection
2026-05-26 13:12:46.259: [INFO][Sync] Stopped: Edge E Drop
2026-05-26 13:12:46.259: [INFO][Sync] Stopped: Edge Hub App Usage
2026-05-26 13:12:46.259: [INFO][Sync] Stopped: Edge Wallet
2026-05-26 13:12:46.259: [INFO][Sync] Stopped: Edge Workspace
2026-05-26 13:12:46.259: [INFO][Sync] SyncState after authenticated was: NotSignedIn
2026-05-26 13:12:46.918: [INFO][Sync] Reset engine, reason: 8
2026-05-26 13:12:46.918: [INFO][Sync] Stopped: Bookmarks
2026-05-26 13:12:46.918: [INFO][Sync] Stopped: Preferences
2026-05-26 13:12:46.918: [INFO][Sync] Stopped: Passwords
2026-05-26 13:12:46.918: [INFO][Sync] Stopped: Autofill Profiles
2026-05-26 13:12:46.918: [INFO][Sync] Stopped: Autofill
2026-05-26 13:12:46.918: [INFO][Sync] Stopped: Extensions
2026-05-26 13:12:46.918: [INFO][Sync] Stopped: Sessions
2026-05-26 13:12:46.918: [INFO][Sync] Stopped: Extension settings
2026-05-26 13:12:46.918: [INFO][Sync] Stopped: History Delete Directives
2026-05-26 13:12:46.918: [INFO][Sync] Stopped: Device Info
2026-05-26 13:12:46.918: [INFO][Sync] Stopped: User Consents
2026-05-26 13:12:46.918: [INFO][Sync] Stopped: Send Tab To Self
2026-05-26 13:12:46.918: [INFO][Sync] Stopped: Web Apps
2026-05-26 13:12:46.918: [INFO][Sync] Stopped: History
2026-05-26 13:12:46.918: [INFO][Sync] Stopped: Saved Tab Group
2026-05-26 13:12:46.918: [INFO][Sync] Stopped: WebAuthn Credentials
2026-05-26 13:12:46.918: [INFO][Sync] Stopped: Collection
2026-05-26 13:12:46.918: [INFO][Sync] Stopped: Edge E Drop
2026-05-26 13:12:46.918: [INFO][Sync] Stopped: Edge Hub App Usage
2026-05-26 13:12:46.918: [INFO][Sync] Stopped: Edge Wallet
2026-05-26 13:12:46.918: [INFO][Sync] Stopped: Edge Workspace
2026-05-26 13:12:49.340: [INFO][Sync] Try to start sync engine
2026-05-26 13:12:49.345: [INFO][SyncManagerImpl::NudgeForInitialDownload] Initial download nudge for Encryption Keys
2026-05-26 13:12:49.345: [INFO][SyncEngineBackend::LoadAndConnectNigoriController] Load and connect Nigori controller
2026-05-26 13:12:49.345: [INFO][SyncEngineBackend::DoInitialize] Control Types added: Encryption Keys
2026-05-26 13:12:49.345: [INFO][SyncManagerImpl::ConfigureSyncer] Types to download: Encryption Keys with reason: 3
2026-05-26 13:12:49.345: [INFO][SyncSchedulerImpl::DoConfigurationSyncCycleJob] Configure job was blocked
2026-05-26 13:12:49.384: [INFO][SyncAuthManager::SetLastAuthError] Current auth error: None
2026-05-26 13:12:49.384: [INFO][SyncAuthManager::EdgeLogTokenErrorState] Token error with: None for account type: MSA
2026-05-26 13:12:49.384: [INFO][Sync] Credentials changed for: EdgeSyncScopeNew
2026-05-26 13:12:50.175: [INFO][SyncAuthManager::SetLastAuthError] Current auth error: None
2026-05-26 13:12:50.175: [INFO][SyncAuthManager::EdgeLogTokenErrorState] Token error with: None for account type: MSA
2026-05-26 13:12:50.175: [INFO][Sync] Credentials changed for: EdgeSyncKeyDataScope
2026-05-26 13:12:50.176: [INFO][SyncEngineBackend::DoUpdateKeyDataCredentials] Update key data credentials
2026-05-26 13:12:50.176: [INFO][SyncEngineBackend::DoUpdateCredentials] Update credentials
2026-05-26 13:12:50.176: [INFO][SyncSchedulerImpl::DoConfigurationSyncCycleJob] Blocked types:  and types to download: Encryption Keys
2026-05-26 13:12:50.547: [INFO][Sync] Started DataTypeManager configuration, reason: 4
2026-05-26 13:12:50.547: [INFO][Sync] Configuring for: Bookmarks, Preferences, Passwords, Autofill Profiles, Autofill, Extensions, Sessions, Extension settings, History Delete Directives, Device Info, User Consents, Send Tab To Self, Web Apps, History, Saved Tab Group, WebAuthn Credentials, Collection, Edge E Drop, Edge Hub App Usage, Edge Wallet, Edge Workspace, Encryption Keys, reason: 3, current state: 0
2026-05-26 13:12:50.547: [WARN][Sync] Crypto error data types: Passwords, Autofill Profiles, Autofill
2026-05-26 13:12:50.549: [INFO][Sync] Configure, desired: Bookmarks, Preferences, Extensions, Sessions, Extension settings, History Delete Directives, Device Info, User Consents, Send Tab To Self, Web Apps, History, Saved Tab Group, WebAuthn Credentials, Collection, Edge E Drop, Edge Hub App Usage, Edge Wallet, Edge Workspace, Encryption Keys; Allow fail: Passwords, Autofill Profiles, Autofill
2026-05-26 13:12:50.550: [INFO][Sync] Loading: Bookmarks
2026-05-26 13:12:50.550: [INFO][Sync] Loading: Preferences
2026-05-26 13:12:50.550: [INFO][Sync] Loading: Extensions
2026-05-26 13:12:50.550: [INFO][Sync] Loading: Sessions
2026-05-26 13:12:50.550: [INFO][Sync] Loading: Extension settings
2026-05-26 13:12:50.550: [INFO][Sync] Loading: History Delete Directives
2026-05-26 13:12:50.550: [INFO][Sync] Loading: Device Info
2026-05-26 13:12:50.550: [INFO][Sync] Loading: User Consents
2026-05-26 13:12:50.550: [INFO][Sync] Loading: Send Tab To Self
2026-05-26 13:12:50.550: [INFO][Sync] Loading: Web Apps
2026-05-26 13:12:50.550: [INFO][Sync] Loading: History
2026-05-26 13:12:50.550: [INFO][Sync] Loading: Saved Tab Group
2026-05-26 13:12:50.550: [INFO][Sync] Loading: WebAuthn Credentials
2026-05-26 13:12:50.550: [INFO][Sync] Loading: Collection
2026-05-26 13:12:50.550: [INFO][Sync] Loading: Edge E Drop
2026-05-26 13:12:50.550: [INFO][Sync] Loading: Edge Hub App Usage
2026-05-26 13:12:50.550: [INFO][Sync] Loading: Edge Wallet
2026-05-26 13:12:50.550: [INFO][Sync] Loading: Edge Workspace
2026-05-26 13:12:50.565: [INFO][Sync] All data types are ready for configure.
2026-05-26 13:12:51.332: [INFO][Sync] Started DataTypeManager configuration, reason: 5
2026-05-26 13:12:51.332: [INFO][Sync] Configuring for: Bookmarks, Preferences, Passwords, Autofill Profiles, Autofill, Extensions, Sessions, Extension settings, History Delete Directives, Device Info, User Consents, Send Tab To Self, Web Apps, History, Saved Tab Group, WebAuthn Credentials, Collection, Edge E Drop, Edge Hub App Usage, Edge Wallet, Edge Workspace, Encryption Keys, reason: 5, current state: 1
2026-05-26 13:12:51.345: [INFO][SyncEngineBackend::DoStartConfiguration] Start configuration
2026-05-26 13:12:51.345: [INFO][SyncManagerImpl::NudgeForInitialDownload] Initial download nudge for Bookmarks
2026-05-26 13:12:51.345: [INFO][SyncManagerImpl::NudgeForInitialDownload] Initial download nudge for Preferences
2026-05-26 13:12:51.345: [INFO][SyncManagerImpl::NudgeForInitialDownload] Initial download nudge for Extensions
2026-05-26 13:12:51.345: [INFO][SyncManagerImpl::NudgeForInitialDownload] Initial download nudge for Sessions
2026-05-26 13:12:51.345: [INFO][SyncManagerImpl::NudgeForInitialDownload] Initial download nudge for Extension settings
2026-05-26 13:12:51.345: [INFO][SyncManagerImpl::NudgeForInitialDownload] Initial download nudge for History Delete Directives
2026-05-26 13:12:51.345: [INFO][SyncManagerImpl::NudgeForInitialDownload] Initial download nudge for Device Info
2026-05-26 13:12:51.345: [INFO][SyncManagerImpl::NudgeForInitialDownload] Initial download nudge for Send Tab To Self
2026-05-26 13:12:51.345: [INFO][SyncManagerImpl::NudgeForInitialDownload] Initial download nudge for Web Apps
2026-05-26 13:12:51.345: [INFO][SyncManagerImpl::NudgeForInitialDownload] Initial download nudge for History
2026-05-26 13:12:51.345: [INFO][SyncManagerImpl::NudgeForInitialDownload] Initial download nudge for Saved Tab Group
2026-05-26 13:12:51.345: [INFO][SyncManagerImpl::NudgeForInitialDownload] Initial download nudge for WebAuthn Credentials
2026-05-26 13:12:51.345: [INFO][SyncManagerImpl::NudgeForInitialDownload] Initial download nudge for Collection
2026-05-26 13:12:51.345: [INFO][SyncManagerImpl::NudgeForInitialDownload] Initial download nudge for Edge E Drop
2026-05-26 13:12:51.345: [INFO][SyncManagerImpl::NudgeForInitialDownload] Initial download nudge for Edge Hub App Usage
2026-05-26 13:12:51.346: [INFO][SyncManagerImpl::NudgeForInitialDownload] Initial download nudge for Edge Wallet
2026-05-26 13:12:51.346: [INFO][SyncManagerImpl::NudgeForInitialDownload] Initial download nudge for Edge Workspace
2026-05-26 13:12:51.346: [INFO][SyncManagerImpl::ConfigureSyncer] Types to download:  with reason: 3
2026-05-26 13:12:51.346: [INFO][SyncEngineBackend::DoFinishConfigureDataTypes] Failed to download types:  and succeeded types: 
2026-05-26 13:12:51.350: [INFO][Sync] ConfigurationDone, failed: , succeeded: , remaining count: 4
2026-05-26 13:12:51.350: [WARN][Sync]     Reconfigure requested while configuration ongoing.
2026-05-26 13:12:51.350: [INFO][Sync] Configuring for: Bookmarks, Preferences, Passwords, Autofill Profiles, Autofill, Extensions, Sessions, Extension settings, History Delete Directives, Device Info, User Consents, Send Tab To Self, Web Apps, History, Saved Tab Group, WebAuthn Credentials, Collection, Edge E Drop, Edge Hub App Usage, Edge Wallet, Edge Workspace, Encryption Keys, reason: 5, current state: 2
2026-05-26 13:12:51.350: [INFO][Sync] Configure, desired: Bookmarks, Preferences, Passwords, Autofill Profiles, Autofill, Extensions, Sessions, Extension settings, History Delete Directives, Device Info, User Consents, Send Tab To Self, Web Apps, History, Saved Tab Group, WebAuthn Credentials, Collection, Edge E Drop, Edge Hub App Usage, Edge Wallet, Edge Workspace, Encryption Keys; Allow fail: 
2026-05-26 13:12:51.350: [INFO][Sync] Loading: Passwords
2026-05-26 13:12:51.350: [INFO][Sync] Loading: Autofill Profiles
2026-05-26 13:12:51.350: [INFO][Sync] Loading: Autofill
2026-05-26 13:12:51.350: [INFO][Sync] All data types are ready for configure.
2026-05-26 13:12:51.351: [INFO][SyncManagerImpl::NudgeForInitialDownload] Initial download nudge for Passwords
2026-05-26 13:12:51.351: [INFO][SyncManagerImpl::NudgeForInitialDownload] Initial download nudge for Autofill Profiles
2026-05-26 13:12:51.351: [INFO][SyncManagerImpl::NudgeForInitialDownload] Initial download nudge for Autofill
2026-05-26 13:12:51.351: [INFO][SyncManagerImpl::ConfigureSyncer] Types to download:  with reason: 5
2026-05-26 13:12:51.351: [INFO][SyncEngineBackend::DoFinishConfigureDataTypes] Failed to download types:  and succeeded types: 
2026-05-26 13:12:51.351: [INFO][Sync] ConfigurationDone, failed: , succeeded: , remaining count: 4
2026-05-26 13:12:51.351: [INFO][Sync] Prepare to configure types: Preferences, Passwords, Device Info, Send Tab To Self, Edge E Drop, Encryption Keys
2026-05-26 13:12:51.351: [INFO][SyncManagerImpl::ConfigureSyncer] Types to download: Preferences, Passwords, Device Info, Send Tab To Self, Edge E Drop, Encryption Keys with reason: 5
2026-05-26 13:12:51.351: [INFO][SyncSchedulerImpl::DoConfigurationSyncCycleJob] Blocked types:  and types to download: Preferences, Passwords, Device Info, Send Tab To Self, Edge E Drop, Encryption Keys
2026-05-26 13:12:51.738: [INFO][SyncEngineBackend::DoFinishConfigureDataTypes] Failed to download types:  and succeeded types: Preferences, Passwords, Device Info, Send Tab To Self, Edge E Drop, Encryption Keys
2026-05-26 13:12:51.742: [INFO][Sync] ConfigurationDone, failed: , succeeded: Preferences, Passwords, Device Info, Send Tab To Self, Edge E Drop, Encryption Keys, remaining count: 3
2026-05-26 13:12:51.742: [INFO][Sync] Prepare to configure types: Bookmarks, Encryption Keys
2026-05-26 13:12:51.742: [INFO][SyncManagerImpl::ConfigureSyncer] Types to download: Bookmarks, Encryption Keys with reason: 5
2026-05-26 13:12:51.743: [INFO][SyncSchedulerImpl::DoConfigurationSyncCycleJob] Blocked types:  and types to download: Bookmarks, Encryption Keys
2026-05-26 13:12:51.920: [INFO][SyncEngineBackend::DoFinishConfigureDataTypes] Failed to download types:  and succeeded types: Bookmarks, Encryption Keys
2026-05-26 13:12:51.925: [INFO][Sync] ConfigurationDone, failed: , succeeded: Bookmarks, Encryption Keys, remaining count: 2
2026-05-26 13:12:51.925: [INFO][Sync] Prepare to configure types: Autofill Profiles, Autofill, Extensions, Sessions, Extension settings, History Delete Directives, Web Apps, Saved Tab Group, WebAuthn Credentials, Collection, Edge Hub App Usage, Edge Wallet, Edge Workspace, Encryption Keys
2026-05-26 13:12:51.925: [INFO][SyncManagerImpl::ConfigureSyncer] Types to download: Autofill Profiles, Autofill, Extensions, Sessions, Extension settings, History Delete Directives, Web Apps, Saved Tab Group, WebAuthn Credentials, Collection, Edge Hub App Usage, Edge Wallet, Edge Workspace, Encryption Keys with reason: 5
2026-05-26 13:12:51.925: [INFO][SyncSchedulerImpl::DoConfigurationSyncCycleJob] Blocked types:  and types to download: Autofill Profiles, Autofill, Extensions, Sessions, Extension settings, History Delete Directives, Web Apps, Saved Tab Group, WebAuthn Credentials, Collection, Edge Hub App Usage, Edge Wallet, Edge Workspace, Encryption Keys
2026-05-26 13:12:52.133: [INFO][SyncEngineBackend::DoFinishConfigureDataTypes] Failed to download types:  and succeeded types: Autofill Profiles, Autofill, Extensions, Sessions, Extension settings, History Delete Directives, Web Apps, Saved Tab Group, WebAuthn Credentials, Collection, Edge Hub App Usage, Edge Wallet, Edge Workspace, Encryption Keys
2026-05-26 13:12:52.140: [INFO][Sync] ConfigurationDone, failed: , succeeded: Autofill Profiles, Autofill, Extensions, Sessions, Extension settings, History Delete Directives, Web Apps, Saved Tab Group, WebAuthn Credentials, Collection, Edge Hub App Usage, Edge Wallet, Edge Workspace, Encryption Keys, remaining count: 1
2026-05-26 13:12:52.145: [INFO][Sync] Prepare to configure types: History, Encryption Keys
2026-05-26 13:12:52.145: [INFO][SyncManagerImpl::ConfigureSyncer] Types to download: History, Encryption Keys with reason: 5
2026-05-26 13:12:52.145: [INFO][SyncSchedulerImpl::DoConfigurationSyncCycleJob] Blocked types:  and types to download: History, Encryption Keys
2026-05-26 13:12:52.334: [INFO][SyncEngineBackend::DoFinishConfigureDataTypes] Failed to download types:  and succeeded types: History, Encryption Keys
2026-05-26 13:12:52.339: [INFO][Sync] ConfigurationDone, failed: , succeeded: History, Encryption Keys, remaining count: 0
2026-05-26 13:12:52.344: [INFO][Sync]     Configuration completed, state: 7
2026-05-26 13:12:52.344: [INFO][Sync] Configured DataTypeManager: Ok
2026-05-26 13:12:52.352: [INFO][SyncEngineBackend::DoStartSyncing] Start syncing
2026-05-26 13:24:34.622: [INFO][Sync] Reset engine, reason: 0
2026-05-26 13:24:34.622: [INFO][Sync] Reset engine with reason: 0
2026-05-26 13:31:58.197: [INFO][Sync] SyncState after authenticated was: FeatureCanStart
2026-05-26 13:32:00.926: [INFO][SyncAuthManager::SetLastAuthError] Current auth error: None
2026-05-26 13:32:00.926: [INFO][SyncAuthManager::EdgeLogTokenErrorState] Token error with: None for account type: MSA
2026-05-26 13:32:00.926: [INFO][Sync] Credentials changed for: EdgeSyncKeyDataScope
2026-05-26 13:32:08.328: [INFO][Sync] Try to start sync engine
2026-05-26 13:32:08.342: [INFO][SyncAuthManager::SetLastAuthError] Current auth error: None
2026-05-26 13:32:08.342: [INFO][SyncAuthManager::EdgeLogTokenErrorState] Token error with: None for account type: MSA
2026-05-26 13:32:08.342: [INFO][Sync] Credentials changed for: EdgeSyncScopeNew
2026-05-26 13:32:08.343: [INFO][SyncManagerImpl::NudgeForInitialDownload] Initial download nudge for Encryption Keys
2026-05-26 13:32:08.343: [INFO][SyncEngineBackend::LoadAndConnectNigoriController] Load and connect Nigori controller
2026-05-26 13:32:08.343: [INFO][SyncEngineBackend::DoInitialize] Control Types added: Encryption Keys
2026-05-26 13:32:08.343: [INFO][SyncManagerImpl::ConfigureSyncer] Types to download: Encryption Keys with reason: 3
2026-05-26 13:32:08.343: [INFO][SyncEngineBackend::DoUpdateKeyDataCredentials] Update key data credentials
2026-05-26 13:32:08.343: [INFO][SyncEngineBackend::DoUpdateCredentials] Update credentials
2026-05-26 13:32:08.343: [INFO][SyncEngineBackend::DoUpdateKeyDataCredentials] Update key data credentials
2026-05-26 13:32:08.344: [INFO][SyncSchedulerImpl::DoConfigurationSyncCycleJob] Blocked types:  and types to download: Encryption Keys
2026-05-26 13:32:08.830: [INFO][Sync] Started DataTypeManager configuration, reason: 4
2026-05-26 13:32:08.830: [INFO][Sync] Configuring for: Bookmarks, Preferences, Passwords, Autofill Profiles, Autofill, Extensions, Sessions, Extension settings, History Delete Directives, Device Info, User Consents, Send Tab To Self, Web Apps, History, Saved Tab Group, WebAuthn Credentials, Collection, Edge E Drop, Edge Hub App Usage, Edge Wallet, Edge Workspace, Encryption Keys, reason: 4, current state: 0
2026-05-26 13:32:08.830: [WARN][Sync] Crypto error data types: Passwords, Autofill Profiles, Autofill
2026-05-26 13:32:08.838: [INFO][Sync] Configure, desired: Bookmarks, Preferences, Extensions, Sessions, Extension settings, History Delete Directives, Device Info, User Consents, Send Tab To Self, Web Apps, History, Saved Tab Group, WebAuthn Credentials, Collection, Edge E Drop, Edge Hub App Usage, Edge Wallet, Edge Workspace, Encryption Keys; Allow fail: Passwords, Autofill Profiles, Autofill
2026-05-26 13:32:08.838: [INFO][Sync] Loading: Bookmarks
2026-05-26 13:32:08.838: [INFO][Sync] Loading: Preferences
2026-05-26 13:32:08.838: [INFO][Sync] Loading: Extensions
2026-05-26 13:32:08.838: [INFO][Sync] Loading: Sessions
2026-05-26 13:32:08.838: [INFO][Sync] Loading: Extension settings
2026-05-26 13:32:08.838: [INFO][Sync] Loading: History Delete Directives
2026-05-26 13:32:08.838: [INFO][Sync] Loading: Device Info
2026-05-26 13:32:08.838: [INFO][Sync] Loading: User Consents
2026-05-26 13:32:08.838: [INFO][Sync] Loading: Send Tab To Self
2026-05-26 13:32:08.838: [INFO][Sync] Loading: Web Apps
2026-05-26 13:32:08.838: [INFO][Sync] Loading: History
2026-05-26 13:32:08.838: [INFO][Sync] Loading: Saved Tab Group
2026-05-26 13:32:08.838: [INFO][Sync] Loading: WebAuthn Credentials
2026-05-26 13:32:08.838: [INFO][Sync] Loading: Collection
2026-05-26 13:32:08.838: [INFO][Sync] Loading: Edge E Drop
2026-05-26 13:32:08.838: [INFO][Sync] Loading: Edge Hub App Usage
2026-05-26 13:32:08.838: [INFO][Sync] Loading: Edge Wallet
2026-05-26 13:32:08.838: [INFO][Sync] Loading: Edge Workspace
2026-05-26 13:32:08.854: [INFO][Sync] All data types are ready for configure.
2026-05-26 13:32:09.451: [INFO][SyncEngineBackend::DoStartConfiguration] Start configuration
2026-05-26 13:32:09.451: [INFO][SyncManagerImpl::ConfigureSyncer] Types to download:  with reason: 4
2026-05-26 13:32:09.451: [INFO][SyncEngineBackend::DoFinishConfigureDataTypes] Failed to download types:  and succeeded types: 
2026-05-26 13:32:09.453: [INFO][Sync] Started DataTypeManager configuration, reason: 5
2026-05-26 13:32:09.453: [INFO][Sync] Configuring for: Bookmarks, Preferences, Passwords, Autofill Profiles, Autofill, Extensions, Sessions, Extension settings, History Delete Directives, Device Info, User Consents, Send Tab To Self, Web Apps, History, Saved Tab Group, WebAuthn Credentials, Collection, Edge E Drop, Edge Hub App Usage, Edge Wallet, Edge Workspace, Encryption Keys, reason: 5, current state: 1
2026-05-26 13:32:09.461: [INFO][Sync] ConfigurationDone, failed: , succeeded: , remaining count: 4
2026-05-26 13:32:09.461: [WARN][Sync]     Reconfigure requested while configuration ongoing.
2026-05-26 13:32:09.461: [INFO][Sync] Configuring for: Bookmarks, Preferences, Passwords, Autofill Profiles, Autofill, Extensions, Sessions, Extension settings, History Delete Directives, Device Info, User Consents, Send Tab To Self, Web Apps, History, Saved Tab Group, WebAuthn Credentials, Collection, Edge E Drop, Edge Hub App Usage, Edge Wallet, Edge Workspace, Encryption Keys, reason: 5, current state: 2
2026-05-26 13:32:09.461: [INFO][Sync] Configure, desired: Bookmarks, Preferences, Passwords, Autofill Profiles, Autofill, Extensions, Sessions, Extension settings, History Delete Directives, Device Info, User Consents, Send Tab To Self, Web Apps, History, Saved Tab Group, WebAuthn Credentials, Collection, Edge E Drop, Edge Hub App Usage, Edge Wallet, Edge Workspace, Encryption Keys; Allow fail: 
2026-05-26 13:32:09.462: [INFO][Sync] Loading: Passwords
2026-05-26 13:32:09.462: [INFO][Sync] Loading: Autofill Profiles
2026-05-26 13:32:09.462: [INFO][Sync] Loading: Autofill
2026-05-26 13:32:09.462: [INFO][Sync] All data types are ready for configure.
2026-05-26 13:32:09.462: [INFO][SyncManagerImpl::NudgeForInitialDownload] Initial download nudge for Passwords
2026-05-26 13:32:09.462: [INFO][SyncManagerImpl::ConfigureSyncer] Types to download:  with reason: 5
2026-05-26 13:32:09.462: [INFO][SyncEngineBackend::DoFinishConfigureDataTypes] Failed to download types:  and succeeded types: 
2026-05-26 13:32:09.463: [INFO][Sync] ConfigurationDone, failed: , succeeded: , remaining count: 4
2026-05-26 13:32:09.463: [INFO][Sync] Prepare to configure types: Passwords, Encryption Keys
2026-05-26 13:32:09.463: [INFO][SyncManagerImpl::ConfigureSyncer] Types to download: Passwords, Encryption Keys with reason: 5
2026-05-26 13:32:09.463: [INFO][SyncSchedulerImpl::DoConfigurationSyncCycleJob] Blocked types:  and types to download: Passwords, Encryption Keys
2026-05-26 13:32:09.738: [INFO][SyncEngineBackend::DoFinishConfigureDataTypes] Failed to download types:  and succeeded types: Passwords, Encryption Keys
2026-05-26 13:32:09.748: [INFO][Sync] ConfigurationDone, failed: , succeeded: Passwords, Encryption Keys, remaining count: 3
2026-05-26 13:32:09.748: [INFO][SyncManagerImpl::ConfigureSyncer] Types to download:  with reason: 5
2026-05-26 13:32:09.748: [INFO][SyncEngineBackend::DoFinishConfigureDataTypes] Failed to download types:  and succeeded types: 
2026-05-26 13:32:09.748: [INFO][Sync] ConfigurationDone, failed: , succeeded: , remaining count: 2
2026-05-26 13:32:09.748: [INFO][SyncManagerImpl::ConfigureSyncer] Types to download:  with reason: 5
2026-05-26 13:32:09.748: [INFO][SyncEngineBackend::DoFinishConfigureDataTypes] Failed to download types:  and succeeded types: 
2026-05-26 13:32:09.748: [INFO][Sync] ConfigurationDone, failed: , succeeded: , remaining count: 1
2026-05-26 13:32:09.760: [INFO][SyncManagerImpl::ConfigureSyncer] Types to download:  with reason: 5
2026-05-26 13:32:09.760: [INFO][SyncEngineBackend::DoFinishConfigureDataTypes] Failed to download types:  and succeeded types: 
2026-05-26 13:32:09.760: [INFO][Sync] ConfigurationDone, failed: , succeeded: , remaining count: 0
2026-05-26 13:32:09.769: [INFO][Sync]     Configuration completed, state: 7
2026-05-26 13:32:09.769: [INFO][Sync] Configured DataTypeManager: Ok
2026-05-26 13:32:09.779: [INFO][SyncEngineBackend::DoStartSyncing] Start syncing
2026-05-26 13:33:23.904: [INFO][Sync] Reset engine, reason: 0
2026-05-26 13:33:23.904: [INFO][Sync] Reset engine with reason: 0
2026-05-26 13:35:32.516: [INFO][Sync] Reset engine, reason: 8
2026-05-26 13:35:32.516: [INFO][Sync] Stopped: Bookmarks
2026-05-26 13:35:32.516: [INFO][Sync] Stopped: Preferences
2026-05-26 13:35:32.516: [INFO][Sync] Stopped: Passwords
2026-05-26 13:35:32.516: [INFO][Sync] Stopped: Autofill Profiles
2026-05-26 13:35:32.516: [INFO][Sync] Stopped: Autofill
2026-05-26 13:35:32.516: [INFO][Sync] Stopped: Extensions
2026-05-26 13:35:32.516: [INFO][Sync] Stopped: Sessions
2026-05-26 13:35:32.516: [INFO][Sync] Stopped: Extension settings
2026-05-26 13:35:32.516: [INFO][Sync] Stopped: History Delete Directives
2026-05-26 13:35:32.516: [INFO][Sync] Stopped: Device Info
2026-05-26 13:35:32.516: [INFO][Sync] Stopped: User Consents
2026-05-26 13:35:32.516: [INFO][Sync] Stopped: Send Tab To Self
2026-05-26 13:35:32.516: [INFO][Sync] Stopped: Web Apps
2026-05-26 13:35:32.516: [INFO][Sync] Stopped: History
2026-05-26 13:35:32.516: [INFO][Sync] Stopped: Saved Tab Group
2026-05-26 13:35:32.516: [INFO][Sync] Stopped: WebAuthn Credentials
2026-05-26 13:35:32.516: [INFO][Sync] Stopped: Collection
2026-05-26 13:35:32.516: [INFO][Sync] Stopped: Edge E Drop
2026-05-26 13:35:32.516: [INFO][Sync] Stopped: Edge Hub App Usage
2026-05-26 13:35:32.516: [INFO][Sync] Stopped: Edge Wallet
2026-05-26 13:35:32.516: [INFO][Sync] Stopped: Edge Workspace
2026-05-26 13:35:32.516: [INFO][Sync] SyncState after authenticated was: NotSignedIn
2026-05-26 13:35:32.846: [INFO][Sync] Reset engine, reason: 8
2026-05-26 13:35:32.846: [INFO][Sync] Stopped: Bookmarks
2026-05-26 13:35:32.846: [INFO][Sync] Stopped: Preferences
2026-05-26 13:35:32.846: [INFO][Sync] Stopped: Passwords
2026-05-26 13:35:32.846: [INFO][Sync] Stopped: Autofill Profiles
2026-05-26 13:35:32.846: [INFO][Sync] Stopped: Autofill
2026-05-26 13:35:32.846: [INFO][Sync] Stopped: Extensions
2026-05-26 13:35:32.846: [INFO][Sync] Stopped: Sessions
2026-05-26 13:35:32.846: [INFO][Sync] Stopped: Extension settings
2026-05-26 13:35:32.846: [INFO][Sync] Stopped: History Delete Directives
2026-05-26 13:35:32.846: [INFO][Sync] Stopped: Device Info
2026-05-26 13:35:32.846: [INFO][Sync] Stopped: User Consents
2026-05-26 13:35:32.846: [INFO][Sync] Stopped: Send Tab To Self
2026-05-26 13:35:32.846: [INFO][Sync] Stopped: Web Apps
2026-05-26 13:35:32.846: [INFO][Sync] Stopped: History
2026-05-26 13:35:32.846: [INFO][Sync] Stopped: Saved Tab Group
2026-05-26 13:35:32.846: [INFO][Sync] Stopped: WebAuthn Credentials
2026-05-26 13:35:32.846: [INFO][Sync] Stopped: Collection
2026-05-26 13:35:32.846: [INFO][Sync] Stopped: Edge E Drop
2026-05-26 13:35:32.846: [INFO][Sync] Stopped: Edge Hub App Usage
2026-05-26 13:35:32.846: [INFO][Sync] Stopped: Edge Wallet
2026-05-26 13:35:32.846: [INFO][Sync] Stopped: Edge Workspace
2026-05-26 13:35:33.849: [INFO][Sync] Try to start sync engine
2026-05-26 13:35:33.850: [INFO][SyncManagerImpl::NudgeForInitialDownload] Initial download nudge for Encryption Keys
2026-05-26 13:35:33.850: [INFO][SyncEngineBackend::LoadAndConnectNigoriController] Load and connect Nigori controller
2026-05-26 13:35:33.850: [INFO][SyncEngineBackend::DoInitialize] Control Types added: Encryption Keys
2026-05-26 13:35:33.850: [INFO][SyncManagerImpl::ConfigureSyncer] Types to download: Encryption Keys with reason: 3
2026-05-26 13:35:33.850: [INFO][SyncSchedulerImpl::DoConfigurationSyncCycleJob] Configure job was blocked
2026-05-26 13:35:33.891: [INFO][SyncAuthManager::SetLastAuthError] Current auth error: None
2026-05-26 13:35:33.891: [INFO][SyncAuthManager::EdgeLogTokenErrorState] Token error with: None for account type: MSA
2026-05-26 13:35:33.891: [INFO][Sync] Credentials changed for: EdgeSyncScopeNew
2026-05-26 13:35:33.975: [INFO][SyncAuthManager::SetLastAuthError] Current auth error: None
2026-05-26 13:35:33.975: [INFO][SyncAuthManager::EdgeLogTokenErrorState] Token error with: None for account type: MSA
2026-05-26 13:35:33.975: [INFO][Sync] Credentials changed for: EdgeSyncKeyDataScope
2026-05-26 13:35:33.976: [INFO][SyncEngineBackend::DoUpdateKeyDataCredentials] Update key data credentials
2026-05-26 13:35:33.976: [INFO][SyncEngineBackend::DoUpdateCredentials] Update credentials
2026-05-26 13:35:33.976: [INFO][SyncSchedulerImpl::DoConfigurationSyncCycleJob] Blocked types:  and types to download: Encryption Keys
2026-05-26 13:35:34.486: [INFO][Sync] Started DataTypeManager configuration, reason: 4
2026-05-26 13:35:34.486: [INFO][Sync] Configuring for: Bookmarks, Preferences, Passwords, Autofill Profiles, Autofill, Extensions, Sessions, Extension settings, History Delete Directives, Device Info, User Consents, Send Tab To Self, Web Apps, History, Saved Tab Group, WebAuthn Credentials, Collection, Edge E Drop, Edge Hub App Usage, Edge Wallet, Edge Workspace, Encryption Keys, reason: 4, current state: 0
2026-05-26 13:35:34.486: [WARN][Sync] Crypto error data types: Passwords, Autofill Profiles, Autofill
2026-05-26 13:35:34.490: [INFO][Sync] Configure, desired: Bookmarks, Preferences, Extensions, Sessions, Extension settings, History Delete Directives, Device Info, User Consents, Send Tab To Self, Web Apps, History, Saved Tab Group, WebAuthn Credentials, Collection, Edge E Drop, Edge Hub App Usage, Edge Wallet, Edge Workspace, Encryption Keys; Allow fail: Passwords, Autofill Profiles, Autofill
2026-05-26 13:35:34.490: [INFO][Sync] Loading: Bookmarks
2026-05-26 13:35:34.490: [INFO][Sync] Loading: Preferences
2026-05-26 13:35:34.490: [INFO][Sync] Loading: Extensions
2026-05-26 13:35:34.490: [INFO][Sync] Loading: Sessions
2026-05-26 13:35:34.490: [INFO][Sync] Loading: Extension settings
2026-05-26 13:35:34.490: [INFO][Sync] Loading: History Delete Directives
2026-05-26 13:35:34.490: [INFO][Sync] Loading: Device Info
2026-05-26 13:35:34.490: [INFO][Sync] Loading: User Consents
2026-05-26 13:35:34.490: [INFO][Sync] Loading: Send Tab To Self
2026-05-26 13:35:34.490: [INFO][Sync] Loading: Web Apps
2026-05-26 13:35:34.490: [INFO][Sync] Loading: History
2026-05-26 13:35:34.490: [INFO][Sync] Loading: Saved Tab Group
2026-05-26 13:35:34.490: [INFO][Sync] Loading: WebAuthn Credentials
2026-05-26 13:35:34.490: [INFO][Sync] Loading: Collection
2026-05-26 13:35:34.490: [INFO][Sync] Loading: Edge E Drop
2026-05-26 13:35:34.490: [INFO][Sync] Loading: Edge Hub App Usage
2026-05-26 13:35:34.490: [INFO][Sync] Loading: Edge Wallet
2026-05-26 13:35:34.490: [INFO][Sync] Loading: Edge Workspace
2026-05-26 13:35:34.495: [INFO][Sync] All data types are ready for configure.
2026-05-26 13:35:36.456: [INFO][Sync] Started DataTypeManager configuration, reason: 5
2026-05-26 13:35:36.456: [INFO][Sync] Configuring for: Bookmarks, Preferences, Passwords, Autofill Profiles, Autofill, Extensions, Sessions, Extension settings, History Delete Directives, Device Info, User Consents, Send Tab To Self, Web Apps, History, Saved Tab Group, WebAuthn Credentials, Collection, Edge E Drop, Edge Hub App Usage, Edge Wallet, Edge Workspace, Encryption Keys, reason: 5, current state: 1
2026-05-26 13:35:36.460: [INFO][SyncEngineBackend::DoStartConfiguration] Start configuration
2026-05-26 13:35:36.460: [INFO][SyncManagerImpl::NudgeForInitialDownload] Initial download nudge for Bookmarks
2026-05-26 13:35:36.460: [INFO][SyncManagerImpl::NudgeForInitialDownload] Initial download nudge for Preferences
2026-05-26 13:35:36.460: [INFO][SyncManagerImpl::NudgeForInitialDownload] Initial download nudge for Extensions
2026-05-26 13:35:36.460: [INFO][SyncManagerImpl::NudgeForInitialDownload] Initial download nudge for Sessions
2026-05-26 13:35:36.460: [INFO][SyncManagerImpl::NudgeForInitialDownload] Initial download nudge for Extension settings
2026-05-26 13:35:36.460: [INFO][SyncManagerImpl::NudgeForInitialDownload] Initial download nudge for History Delete Directives
2026-05-26 13:35:36.460: [INFO][SyncManagerImpl::NudgeForInitialDownload] Initial download nudge for Device Info
2026-05-26 13:35:36.460: [INFO][SyncManagerImpl::NudgeForInitialDownload] Initial download nudge for Send Tab To Self
2026-05-26 13:35:36.460: [INFO][SyncManagerImpl::NudgeForInitialDownload] Initial download nudge for Web Apps
2026-05-26 13:35:36.460: [INFO][SyncManagerImpl::NudgeForInitialDownload] Initial download nudge for History
2026-05-26 13:35:36.460: [INFO][SyncManagerImpl::NudgeForInitialDownload] Initial download nudge for Saved Tab Group
2026-05-26 13:35:36.460: [INFO][SyncManagerImpl::NudgeForInitialDownload] Initial download nudge for WebAuthn Credentials
2026-05-26 13:35:36.460: [INFO][SyncManagerImpl::NudgeForInitialDownload] Initial download nudge for Collection
2026-05-26 13:35:36.460: [INFO][SyncManagerImpl::NudgeForInitialDownload] Initial download nudge for Edge E Drop
2026-05-26 13:35:36.460: [INFO][SyncManagerImpl::NudgeForInitialDownload] Initial download nudge for Edge Hub App Usage
2026-05-26 13:35:36.460: [INFO][SyncManagerImpl::NudgeForInitialDownload] Initial download nudge for Edge Wallet
2026-05-26 13:35:36.460: [INFO][SyncManagerImpl::NudgeForInitialDownload] Initial download nudge for Edge Workspace
2026-05-26 13:35:36.460: [INFO][SyncManagerImpl::ConfigureSyncer] Types to download:  with reason: 4
2026-05-26 13:35:36.460: [INFO][SyncEngineBackend::DoFinishConfigureDataTypes] Failed to download types:  and succeeded types: 
2026-05-26 13:35:36.461: [INFO][Sync] ConfigurationDone, failed: , succeeded: , remaining count: 4
2026-05-26 13:35:36.461: [WARN][Sync]     Reconfigure requested while configuration ongoing.
2026-05-26 13:35:36.461: [INFO][Sync] Configuring for: Bookmarks, Preferences, Passwords, Autofill Profiles, Autofill, Extensions, Sessions, Extension settings, History Delete Directives, Device Info, User Consents, Send Tab To Self, Web Apps, History, Saved Tab Group, WebAuthn Credentials, Collection, Edge E Drop, Edge Hub App Usage, Edge Wallet, Edge Workspace, Encryption Keys, reason: 5, current state: 2
2026-05-26 13:35:36.461: [INFO][Sync] Configure, desired: Bookmarks, Preferences, Passwords, Autofill Profiles, Autofill, Extensions, Sessions, Extension settings, History Delete Directives, Device Info, User Consents, Send Tab To Self, Web Apps, History, Saved Tab Group, WebAuthn Credentials, Collection, Edge E Drop, Edge Hub App Usage, Edge Wallet, Edge Workspace, Encryption Keys; Allow fail: 
2026-05-26 13:35:36.461: [INFO][Sync] Loading: Passwords
2026-05-26 13:35:36.461: [INFO][Sync] Loading: Autofill Profiles
2026-05-26 13:35:36.461: [INFO][Sync] Loading: Autofill
2026-05-26 13:35:36.461: [INFO][Sync] All data types are ready for configure.
2026-05-26 13:35:36.461: [INFO][SyncManagerImpl::NudgeForInitialDownload] Initial download nudge for Passwords
2026-05-26 13:35:36.461: [INFO][SyncManagerImpl::NudgeForInitialDownload] Initial download nudge for Autofill Profiles
2026-05-26 13:35:36.461: [INFO][SyncManagerImpl::NudgeForInitialDownload] Initial download nudge for Autofill
2026-05-26 13:35:36.461: [INFO][SyncManagerImpl::ConfigureSyncer] Types to download:  with reason: 5
2026-05-26 13:35:36.461: [INFO][SyncEngineBackend::DoFinishConfigureDataTypes] Failed to download types:  and succeeded types: 
2026-05-26 13:35:36.462: [INFO][Sync] ConfigurationDone, failed: , succeeded: , remaining count: 4
2026-05-26 13:35:36.462: [INFO][Sync] Prepare to configure types: Preferences, Passwords, Device Info, Send Tab To Self, Edge E Drop, Encryption Keys
2026-05-26 13:35:36.462: [INFO][SyncManagerImpl::ConfigureSyncer] Types to download: Preferences, Passwords, Device Info, Send Tab To Self, Edge E Drop, Encryption Keys with reason: 5
2026-05-26 13:35:36.462: [INFO][SyncSchedulerImpl::DoConfigurationSyncCycleJob] Blocked types:  and types to download: Preferences, Passwords, Device Info, Send Tab To Self, Edge E Drop, Encryption Keys
2026-05-26 13:35:36.667: [INFO][SyncEngineBackend::DoFinishConfigureDataTypes] Failed to download types:  and succeeded types: Preferences, Passwords, Device Info, Send Tab To Self, Edge E Drop, Encryption Keys
2026-05-26 13:35:36.674: [INFO][Sync] ConfigurationDone, failed: , succeeded: Preferences, Passwords, Device Info, Send Tab To Self, Edge E Drop, Encryption Keys, remaining count: 3
2026-05-26 13:35:36.674: [INFO][Sync] Prepare to configure types: Bookmarks, Encryption Keys
2026-05-26 13:35:36.674: [INFO][SyncManagerImpl::ConfigureSyncer] Types to download: Bookmarks, Encryption Keys with reason: 5
2026-05-26 13:35:36.674: [INFO][SyncSchedulerImpl::DoConfigurationSyncCycleJob] Blocked types:  and types to download: Bookmarks, Encryption Keys
2026-05-26 13:35:36.844: [INFO][SyncEngineBackend::DoFinishConfigureDataTypes] Failed to download types:  and succeeded types: Bookmarks, Encryption Keys
2026-05-26 13:35:36.847: [INFO][Sync] ConfigurationDone, failed: , succeeded: Bookmarks, Encryption Keys, remaining count: 2
2026-05-26 13:35:36.847: [INFO][Sync] Prepare to configure types: Autofill Profiles, Autofill, Extensions, Sessions, Extension settings, History Delete Directives, Web Apps, Saved Tab Group, WebAuthn Credentials, Collection, Edge Hub App Usage, Edge Wallet, Edge Workspace, Encryption Keys
2026-05-26 13:35:36.847: [INFO][SyncManagerImpl::ConfigureSyncer] Types to download: Autofill Profiles, Autofill, Extensions, Sessions, Extension settings, History Delete Directives, Web Apps, Saved Tab Group, WebAuthn Credentials, Collection, Edge Hub App Usage, Edge Wallet, Edge Workspace, Encryption Keys with reason: 5
2026-05-26 13:35:36.847: [INFO][SyncSchedulerImpl::DoConfigurationSyncCycleJob] Blocked types:  and types to download: Autofill Profiles, Autofill, Extensions, Sessions, Extension settings, History Delete Directives, Web Apps, Saved Tab Group, WebAuthn Credentials, Collection, Edge Hub App Usage, Edge Wallet, Edge Workspace, Encryption Keys
2026-05-26 13:35:37.029: [INFO][SyncEngineBackend::DoFinishConfigureDataTypes] Failed to download types:  and succeeded types: Autofill Profiles, Autofill, Extensions, Sessions, Extension settings, History Delete Directives, Web Apps, Saved Tab Group, WebAuthn Credentials, Collection, Edge Hub App Usage, Edge Wallet, Edge Workspace, Encryption Keys
2026-05-26 13:35:37.034: [INFO][Sync] ConfigurationDone, failed: , succeeded: Autofill Profiles, Autofill, Extensions, Sessions, Extension settings, History Delete Directives, Web Apps, Saved Tab Group, WebAuthn Credentials, Collection, Edge Hub App Usage, Edge Wallet, Edge Workspace, Encryption Keys, remaining count: 1
2026-05-26 13:35:37.039: [INFO][Sync] Prepare to configure types: History, Encryption Keys
2026-05-26 13:35:37.039: [INFO][SyncManagerImpl::ConfigureSyncer] Types to download: History, Encryption Keys with reason: 5
2026-05-26 13:35:37.039: [INFO][SyncSchedulerImpl::DoConfigurationSyncCycleJob] Blocked types:  and types to download: History, Encryption Keys
2026-05-26 13:35:37.210: [INFO][SyncEngineBackend::DoFinishConfigureDataTypes] Failed to download types:  and succeeded types: History, Encryption Keys
2026-05-26 13:35:37.214: [INFO][Sync] ConfigurationDone, failed: , succeeded: History, Encryption Keys, remaining count: 0
2026-05-26 13:35:37.217: [INFO][Sync]     Configuration completed, state: 7
2026-05-26 13:35:37.218: [INFO][Sync] Configured DataTypeManager: Ok
2026-05-26 13:35:37.222: [INFO][SyncEngineBackend::DoStartSyncing] Start syncing
2026-05-26 14:03:27.006: [INFO][Sync] Reset engine, reason: 0
2026-05-26 14:03:27.006: [INFO][Sync] Reset engine with reason: 0
2026-05-26 14:04:15.362: [INFO][Sync] SyncState after authenticated was: FeatureCanStart
2026-05-26 14:04:18.264: [INFO][SyncAuthManager::SetLastAuthError] Current auth error: None
2026-05-26 14:04:18.264: [INFO][SyncAuthManager::EdgeLogTokenErrorState] Token error with: None for account type: MSA
2026-05-26 14:04:18.264: [INFO][Sync] Credentials changed for: EdgeSyncKeyDataScope
2026-05-26 14:04:25.574: [INFO][Sync] Try to start sync engine
2026-05-26 14:04:25.576: [INFO][SyncManagerImpl::NudgeForInitialDownload] Initial download nudge for Encryption Keys
2026-05-26 14:04:25.576: [INFO][SyncEngineBackend::LoadAndConnectNigoriController] Load and connect Nigori controller
2026-05-26 14:04:25.576: [INFO][SyncEngineBackend::DoInitialize] Control Types added: Encryption Keys
2026-05-26 14:04:25.576: [INFO][SyncManagerImpl::ConfigureSyncer] Types to download: Encryption Keys with reason: 3
2026-05-26 14:04:25.576: [INFO][SyncEngineBackend::DoUpdateKeyDataCredentials] Update key data credentials
2026-05-26 14:04:25.576: [INFO][SyncSchedulerImpl::DoConfigurationSyncCycleJob] Configure job was blocked
2026-05-26 14:04:25.585: [INFO][SyncAuthManager::SetLastAuthError] Current auth error: None
2026-05-26 14:04:25.585: [INFO][SyncAuthManager::EdgeLogTokenErrorState] Token error with: None for account type: MSA
2026-05-26 14:04:25.585: [INFO][Sync] Credentials changed for: EdgeSyncScopeNew
2026-05-26 14:04:25.585: [INFO][SyncEngineBackend::DoUpdateCredentials] Update credentials
2026-05-26 14:04:25.585: [INFO][SyncSchedulerImpl::DoConfigurationSyncCycleJob] Blocked types:  and types to download: Encryption Keys
2026-05-26 14:04:25.996: [INFO][SyncEngineBackend::DoUpdateKeyDataCredentials] Update key data credentials
2026-05-26 14:04:26.017: [INFO][Sync] Started DataTypeManager configuration, reason: 4
2026-05-26 14:04:26.017: [INFO][Sync] Configuring for: Bookmarks, Preferences, Passwords, Autofill Profiles, Autofill, Extensions, Sessions, Extension settings, History Delete Directives, Device Info, User Consents, Send Tab To Self, Web Apps, History, Saved Tab Group, WebAuthn Credentials, Collection, Edge E Drop, Edge Hub App Usage, Edge Wallet, Edge Workspace, Encryption Keys, reason: 4, current state: 0
2026-05-26 14:04:26.017: [WARN][Sync] Crypto error data types: Passwords, Autofill Profiles, Autofill
2026-05-26 14:04:26.021: [INFO][Sync] Configure, desired: Bookmarks, Preferences, Extensions, Sessions, Extension settings, History Delete Directives, Device Info, User Consents, Send Tab To Self, Web Apps, History, Saved Tab Group, WebAuthn Credentials, Collection, Edge E Drop, Edge Hub App Usage, Edge Wallet, Edge Workspace, Encryption Keys; Allow fail: Passwords, Autofill Profiles, Autofill
2026-05-26 14:04:26.021: [INFO][Sync] Loading: Bookmarks
2026-05-26 14:04:26.021: [INFO][Sync] Loading: Preferences
2026-05-26 14:04:26.021: [INFO][Sync] Loading: Extensions
2026-05-26 14:04:26.021: [INFO][Sync] Loading: Sessions
2026-05-26 14:04:26.021: [INFO][Sync] Loading: Extension settings
2026-05-26 14:04:26.021: [INFO][Sync] Loading: History Delete Directives
2026-05-26 14:04:26.022: [INFO][Sync] Loading: Device Info
2026-05-26 14:04:26.022: [INFO][Sync] Loading: User Consents
2026-05-26 14:04:26.022: [INFO][Sync] Loading: Send Tab To Self
2026-05-26 14:04:26.022: [INFO][Sync] Loading: Web Apps
2026-05-26 14:04:26.022: [INFO][Sync] Loading: History
2026-05-26 14:04:26.022: [INFO][Sync] Loading: Saved Tab Group
2026-05-26 14:04:26.022: [INFO][Sync] Loading: WebAuthn Credentials
2026-05-26 14:04:26.022: [INFO][Sync] Loading: Collection
2026-05-26 14:04:26.022: [INFO][Sync] Loading: Edge E Drop
2026-05-26 14:04:26.022: [INFO][Sync] Loading: Edge Hub App Usage
2026-05-26 14:04:26.022: [INFO][Sync] Loading: Edge Wallet
2026-05-26 14:04:26.022: [INFO][Sync] Loading: Edge Workspace
2026-05-26 14:04:26.029: [INFO][Sync] All data types are ready for configure.
2026-05-26 14:04:26.841: [INFO][Sync] Started DataTypeManager configuration, reason: 5
2026-05-26 14:04:26.841: [INFO][Sync] Configuring for: Bookmarks, Preferences, Passwords, Autofill Profiles, Autofill, Extensions, Sessions, Extension settings, History Delete Directives, Device Info, User Consents, Send Tab To Self, Web Apps, History, Saved Tab Group, WebAuthn Credentials, Collection, Edge E Drop, Edge Hub App Usage, Edge Wallet, Edge Workspace, Encryption Keys, reason: 5, current state: 1
2026-05-26 14:04:26.850: [INFO][SyncEngineBackend::DoStartConfiguration] Start configuration
2026-05-26 14:04:26.850: [INFO][SyncManagerImpl::ConfigureSyncer] Types to download:  with reason: 4
2026-05-26 14:04:26.850: [INFO][SyncEngineBackend::DoFinishConfigureDataTypes] Failed to download types:  and succeeded types: 
2026-05-26 14:04:26.857: [INFO][Sync] ConfigurationDone, failed: , succeeded: , remaining count: 4
2026-05-26 14:04:26.857: [WARN][Sync]     Reconfigure requested while configuration ongoing.
2026-05-26 14:04:26.857: [INFO][Sync] Configuring for: Bookmarks, Preferences, Passwords, Autofill Profiles, Autofill, Extensions, Sessions, Extension settings, History Delete Directives, Device Info, User Consents, Send Tab To Self, Web Apps, History, Saved Tab Group, WebAuthn Credentials, Collection, Edge E Drop, Edge Hub App Usage, Edge Wallet, Edge Workspace, Encryption Keys, reason: 5, current state: 2
2026-05-26 14:04:26.857: [INFO][Sync] Configure, desired: Bookmarks, Preferences, Passwords, Autofill Profiles, Autofill, Extensions, Sessions, Extension settings, History Delete Directives, Device Info, User Consents, Send Tab To Self, Web Apps, History, Saved Tab Group, WebAuthn Credentials, Collection, Edge E Drop, Edge Hub App Usage, Edge Wallet, Edge Workspace, Encryption Keys; Allow fail: 
2026-05-26 14:04:26.857: [INFO][Sync] Loading: Passwords
2026-05-26 14:04:26.857: [INFO][Sync] Loading: Autofill Profiles
2026-05-26 14:04:26.857: [INFO][Sync] Loading: Autofill
2026-05-26 14:04:26.857: [INFO][Sync] All data types are ready for configure.
2026-05-26 14:04:26.857: [INFO][SyncManagerImpl::NudgeForInitialDownload] Initial download nudge for Passwords
2026-05-26 14:04:26.857: [INFO][SyncManagerImpl::ConfigureSyncer] Types to download:  with reason: 5
2026-05-26 14:04:26.857: [INFO][SyncEngineBackend::DoFinishConfigureDataTypes] Failed to download types:  and succeeded types: 
2026-05-26 14:04:26.858: [INFO][Sync] ConfigurationDone, failed: , succeeded: , remaining count: 4
2026-05-26 14:04:26.858: [INFO][Sync] Prepare to configure types: Passwords, Encryption Keys
2026-05-26 14:04:26.858: [INFO][SyncManagerImpl::ConfigureSyncer] Types to download: Passwords, Encryption Keys with reason: 5
2026-05-26 14:04:26.858: [INFO][SyncSchedulerImpl::DoConfigurationSyncCycleJob] Blocked types:  and types to download: Passwords, Encryption Keys
2026-05-26 14:04:27.050: [INFO][SyncEngineBackend::DoFinishConfigureDataTypes] Failed to download types:  and succeeded types: Passwords, Encryption Keys
2026-05-26 14:04:27.055: [INFO][Sync] ConfigurationDone, failed: , succeeded: Passwords, Encryption Keys, remaining count: 3
2026-05-26 14:04:27.055: [INFO][SyncManagerImpl::ConfigureSyncer] Types to download:  with reason: 5
2026-05-26 14:04:27.055: [INFO][SyncEngineBackend::DoFinishConfigureDataTypes] Failed to download types:  and succeeded types: 
2026-05-26 14:04:27.064: [INFO][Sync] ConfigurationDone, failed: , succeeded: , remaining count: 2
2026-05-26 14:04:27.064: [INFO][SyncManagerImpl::ConfigureSyncer] Types to download:  with reason: 5
2026-05-26 14:04:27.064: [INFO][SyncEngineBackend::DoFinishConfigureDataTypes] Failed to download types:  and succeeded types: 
2026-05-26 14:04:27.064: [INFO][Sync] ConfigurationDone, failed: , succeeded: , remaining count: 1
2026-05-26 14:04:27.069: [INFO][SyncManagerImpl::ConfigureSyncer] Types to download:  with reason: 5
2026-05-26 14:04:27.069: [INFO][SyncEngineBackend::DoFinishConfigureDataTypes] Failed to download types:  and succeeded types: 
2026-05-26 14:04:27.070: [INFO][Sync] ConfigurationDone, failed: , succeeded: , remaining count: 0
2026-05-26 14:04:27.076: [INFO][Sync]     Configuration completed, state: 7
2026-05-26 14:04:27.076: [INFO][Sync] Configured DataTypeManager: Ok
2026-05-26 14:04:27.082: [INFO][SyncEngineBackend::DoStartSyncing] Start syncing
2026-05-26 14:58:05.419: [INFO][Sync] Reset engine, reason: 0
2026-05-26 14:58:05.419: [INFO][Sync] Reset engine with reason: 0
2026-05-26 15:23:20.105: [INFO][Sync] Reset engine, reason: 8
2026-05-26 15:23:20.105: [INFO][Sync] Stopped: Bookmarks
2026-05-26 15:23:20.105: [INFO][Sync] Stopped: Preferences
2026-05-26 15:23:20.105: [INFO][Sync] Stopped: Passwords
2026-05-26 15:23:20.105: [INFO][Sync] Stopped: Autofill Profiles
2026-05-26 15:23:20.105: [INFO][Sync] Stopped: Autofill
2026-05-26 15:23:20.105: [INFO][Sync] Stopped: Extensions
2026-05-26 15:23:20.105: [INFO][Sync] Stopped: Sessions
2026-05-26 15:23:20.105: [INFO][Sync] Stopped: Extension settings
2026-05-26 15:23:20.105: [INFO][Sync] Stopped: History Delete Directives
2026-05-26 15:23:20.105: [INFO][Sync] Stopped: Device Info
2026-05-26 15:23:20.105: [INFO][Sync] Stopped: User Consents
2026-05-26 15:23:20.105: [INFO][Sync] Stopped: Send Tab To Self
2026-05-26 15:23:20.105: [INFO][Sync] Stopped: Web Apps
2026-05-26 15:23:20.106: [INFO][Sync] Stopped: History
2026-05-26 15:23:20.106: [INFO][Sync] Stopped: Saved Tab Group
2026-05-26 15:23:20.106: [INFO][Sync] Stopped: WebAuthn Credentials
2026-05-26 15:23:20.106: [INFO][Sync] Stopped: Collection
2026-05-26 15:23:20.106: [INFO][Sync] Stopped: Edge E Drop
2026-05-26 15:23:20.106: [INFO][Sync] Stopped: Edge Hub App Usage
2026-05-26 15:23:20.106: [INFO][Sync] Stopped: Edge Wallet
2026-05-26 15:23:20.106: [INFO][Sync] Stopped: Edge Workspace
2026-05-26 15:23:20.106: [INFO][Sync] SyncState after authenticated was: NotSignedIn
2026-05-26 15:23:20.716: [INFO][Sync] Reset engine, reason: 8
2026-05-26 15:23:20.716: [INFO][Sync] Stopped: Bookmarks
2026-05-26 15:23:20.716: [INFO][Sync] Stopped: Preferences
2026-05-26 15:23:20.716: [INFO][Sync] Stopped: Passwords
2026-05-26 15:23:20.716: [INFO][Sync] Stopped: Autofill Profiles
2026-05-26 15:23:20.716: [INFO][Sync] Stopped: Autofill
2026-05-26 15:23:20.716: [INFO][Sync] Stopped: Extensions
2026-05-26 15:23:20.716: [INFO][Sync] Stopped: Sessions
2026-05-26 15:23:20.716: [INFO][Sync] Stopped: Extension settings
2026-05-26 15:23:20.716: [INFO][Sync] Stopped: History Delete Directives
2026-05-26 15:23:20.716: [INFO][Sync] Stopped: Device Info
2026-05-26 15:23:20.716: [INFO][Sync] Stopped: User Consents
2026-05-26 15:23:20.716: [INFO][Sync] Stopped: Send Tab To Self
2026-05-26 15:23:20.716: [INFO][Sync] Stopped: Web Apps
2026-05-26 15:23:20.716: [INFO][Sync] Stopped: History
2026-05-26 15:23:20.716: [INFO][Sync] Stopped: Saved Tab Group
2026-05-26 15:23:20.716: [INFO][Sync] Stopped: WebAuthn Credentials
2026-05-26 15:23:20.716: [INFO][Sync] Stopped: Collection
2026-05-26 15:23:20.716: [INFO][Sync] Stopped: Edge E Drop
2026-05-26 15:23:20.716: [INFO][Sync] Stopped: Edge Hub App Usage
2026-05-26 15:23:20.716: [INFO][Sync] Stopped: Edge Wallet
2026-05-26 15:23:20.716: [INFO][Sync] Stopped: Edge Workspace
2026-05-26 15:23:24.245: [INFO][Sync] Try to start sync engine
2026-05-26 15:23:24.257: [INFO][SyncManagerImpl::NudgeForInitialDownload] Initial download nudge for Encryption Keys
2026-05-26 15:23:24.257: [INFO][SyncEngineBackend::LoadAndConnectNigoriController] Load and connect Nigori controller
2026-05-26 15:23:24.257: [INFO][SyncEngineBackend::DoInitialize] Control Types added: Encryption Keys
2026-05-26 15:23:24.257: [INFO][SyncManagerImpl::ConfigureSyncer] Types to download: Encryption Keys with reason: 3
2026-05-26 15:23:24.258: [INFO][SyncSchedulerImpl::DoConfigurationSyncCycleJob] Configure job was blocked
2026-05-26 15:23:24.323: [INFO][SyncAuthManager::SetLastAuthError] Current auth error: None
2026-05-26 15:23:24.323: [INFO][SyncAuthManager::EdgeLogTokenErrorState] Token error with: None for account type: MSA
2026-05-26 15:23:24.323: [INFO][Sync] Credentials changed for: EdgeSyncScopeNew
2026-05-26 15:23:25.213: [INFO][SyncAuthManager::SetLastAuthError] Current auth error: None
2026-05-26 15:23:25.214: [INFO][SyncAuthManager::EdgeLogTokenErrorState] Token error with: None for account type: MSA
2026-05-26 15:23:25.214: [INFO][Sync] Credentials changed for: EdgeSyncKeyDataScope
2026-05-26 15:23:25.214: [INFO][SyncEngineBackend::DoUpdateKeyDataCredentials] Update key data credentials
2026-05-26 15:23:25.214: [INFO][SyncEngineBackend::DoUpdateCredentials] Update credentials
2026-05-26 15:23:25.215: [INFO][SyncSchedulerImpl::DoConfigurationSyncCycleJob] Blocked types:  and types to download: Encryption Keys
2026-05-26 15:23:25.610: [INFO][Sync] Started DataTypeManager configuration, reason: 4
2026-05-26 15:23:25.610: [INFO][Sync] Configuring for: Bookmarks, Preferences, Passwords, Autofill Profiles, Autofill, Extensions, Sessions, Extension settings, History Delete Directives, Device Info, User Consents, Send Tab To Self, Web Apps, History, Saved Tab Group, WebAuthn Credentials, Collection, Edge E Drop, Edge Hub App Usage, Edge Wallet, Edge Workspace, Encryption Keys, reason: 4, current state: 0
2026-05-26 15:23:25.610: [WARN][Sync] Crypto error data types: Passwords, Autofill Profiles, Autofill
2026-05-26 15:23:25.617: [INFO][Sync] Configure, desired: Bookmarks, Preferences, Extensions, Sessions, Extension settings, History Delete Directives, Device Info, User Consents, Send Tab To Self, Web Apps, History, Saved Tab Group, WebAuthn Credentials, Collection, Edge E Drop, Edge Hub App Usage, Edge Wallet, Edge Workspace, Encryption Keys; Allow fail: Passwords, Autofill Profiles, Autofill
2026-05-26 15:23:25.618: [INFO][Sync] Loading: Bookmarks
2026-05-26 15:23:25.618: [INFO][Sync] Loading: Preferences
2026-05-26 15:23:25.618: [INFO][Sync] Loading: Extensions
2026-05-26 15:23:25.618: [INFO][Sync] Loading: Sessions
2026-05-26 15:23:25.618: [INFO][Sync] Loading: Extension settings
2026-05-26 15:23:25.618: [INFO][Sync] Loading: History Delete Directives
2026-05-26 15:23:25.619: [INFO][Sync] Loading: Device Info
2026-05-26 15:23:25.619: [INFO][Sync] Loading: User Consents
2026-05-26 15:23:25.619: [INFO][Sync] Loading: Send Tab To Self
2026-05-26 15:23:25.619: [INFO][Sync] Loading: Web Apps
2026-05-26 15:23:25.619: [INFO][Sync] Loading: History
2026-05-26 15:23:25.619: [INFO][Sync] Loading: Saved Tab Group
2026-05-26 15:23:25.619: [INFO][Sync] Loading: WebAuthn Credentials
2026-05-26 15:23:25.619: [INFO][Sync] Loading: Collection
2026-05-26 15:23:25.619: [INFO][Sync] Loading: Edge E Drop
2026-05-26 15:23:25.619: [INFO][Sync] Loading: Edge Hub App Usage
2026-05-26 15:23:25.619: [INFO][Sync] Loading: Edge Wallet
2026-05-26 15:23:25.619: [INFO][Sync] Loading: Edge Workspace
2026-05-26 15:23:25.648: [INFO][Sync] All data types are ready for configure.
2026-05-26 15:23:26.522: [INFO][Sync] Started DataTypeManager configuration, reason: 5
2026-05-26 15:23:26.522: [INFO][Sync] Configuring for: Bookmarks, Preferences, Passwords, Autofill Profiles, Autofill, Extensions, Sessions, Extension settings, History Delete Directives, Device Info, User Consents, Send Tab To Self, Web Apps, History, Saved Tab Group, WebAuthn Credentials, Collection, Edge E Drop, Edge Hub App Usage, Edge Wallet, Edge Workspace, Encryption Keys, reason: 5, current state: 1
2026-05-26 15:23:26.534: [INFO][SyncEngineBackend::DoStartConfiguration] Start configuration
2026-05-26 15:23:26.535: [INFO][SyncManagerImpl::NudgeForInitialDownload] Initial download nudge for Bookmarks
2026-05-26 15:23:26.535: [INFO][SyncManagerImpl::NudgeForInitialDownload] Initial download nudge for Preferences
2026-05-26 15:23:26.535: [INFO][SyncManagerImpl::NudgeForInitialDownload] Initial download nudge for Extensions
2026-05-26 15:23:26.535: [INFO][SyncManagerImpl::NudgeForInitialDownload] Initial download nudge for Sessions
2026-05-26 15:23:26.535: [INFO][SyncManagerImpl::NudgeForInitialDownload] Initial download nudge for Extension settings
2026-05-26 15:23:26.535: [INFO][SyncManagerImpl::NudgeForInitialDownload] Initial download nudge for History Delete Directives
2026-05-26 15:23:26.535: [INFO][SyncManagerImpl::NudgeForInitialDownload] Initial download nudge for Device Info
2026-05-26 15:23:26.535: [INFO][SyncManagerImpl::NudgeForInitialDownload] Initial download nudge for Send Tab To Self
2026-05-26 15:23:26.535: [INFO][SyncManagerImpl::NudgeForInitialDownload] Initial download nudge for Web Apps
2026-05-26 15:23:26.535: [INFO][SyncManagerImpl::NudgeForInitialDownload] Initial download nudge for History
2026-05-26 15:23:26.535: [INFO][SyncManagerImpl::NudgeForInitialDownload] Initial download nudge for Saved Tab Group
2026-05-26 15:23:26.535: [INFO][SyncManagerImpl::NudgeForInitialDownload] Initial download nudge for WebAuthn Credentials
2026-05-26 15:23:26.535: [INFO][SyncManagerImpl::NudgeForInitialDownload] Initial download nudge for Collection
2026-05-26 15:23:26.535: [INFO][SyncManagerImpl::NudgeForInitialDownload] Initial download nudge for Edge E Drop
2026-05-26 15:23:26.535: [INFO][SyncManagerImpl::NudgeForInitialDownload] Initial download nudge for Edge Hub App Usage
2026-05-26 15:23:26.535: [INFO][SyncManagerImpl::NudgeForInitialDownload] Initial download nudge for Edge Wallet
2026-05-26 15:23:26.535: [INFO][SyncManagerImpl::NudgeForInitialDownload] Initial download nudge for Edge Workspace
2026-05-26 15:23:26.535: [INFO][SyncManagerImpl::ConfigureSyncer] Types to download:  with reason: 4
2026-05-26 15:23:26.535: [INFO][SyncEngineBackend::DoFinishConfigureDataTypes] Failed to download types:  and succeeded types: 
2026-05-26 15:23:26.536: [INFO][Sync] ConfigurationDone, failed: , succeeded: , remaining count: 4
2026-05-26 15:23:26.536: [WARN][Sync]     Reconfigure requested while configuration ongoing.
2026-05-26 15:23:26.536: [INFO][Sync] Configuring for: Bookmarks, Preferences, Passwords, Autofill Profiles, Autofill, Extensions, Sessions, Extension settings, History Delete Directives, Device Info, User Consents, Send Tab To Self, Web Apps, History, Saved Tab Group, WebAuthn Credentials, Collection, Edge E Drop, Edge Hub App Usage, Edge Wallet, Edge Workspace, Encryption Keys, reason: 5, current state: 2
2026-05-26 15:23:26.536: [INFO][Sync] Configure, desired: Bookmarks, Preferences, Passwords, Autofill Profiles, Autofill, Extensions, Sessions, Extension settings, History Delete Directives, Device Info, User Consents, Send Tab To Self, Web Apps, History, Saved Tab Group, WebAuthn Credentials, Collection, Edge E Drop, Edge Hub App Usage, Edge Wallet, Edge Workspace, Encryption Keys; Allow fail: 
2026-05-26 15:23:26.536: [INFO][Sync] Loading: Passwords
2026-05-26 15:23:26.536: [INFO][Sync] Loading: Autofill Profiles
2026-05-26 15:23:26.536: [INFO][Sync] Loading: Autofill
2026-05-26 15:23:26.536: [INFO][Sync] All data types are ready for configure.
2026-05-26 15:23:26.536: [INFO][SyncManagerImpl::NudgeForInitialDownload] Initial download nudge for Passwords
2026-05-26 15:23:26.537: [INFO][SyncManagerImpl::NudgeForInitialDownload] Initial download nudge for Autofill Profiles
2026-05-26 15:23:26.537: [INFO][SyncManagerImpl::NudgeForInitialDownload] Initial download nudge for Autofill
2026-05-26 15:23:26.537: [INFO][SyncManagerImpl::ConfigureSyncer] Types to download:  with reason: 5
2026-05-26 15:23:26.537: [INFO][SyncEngineBackend::DoFinishConfigureDataTypes] Failed to download types:  and succeeded types: 
2026-05-26 15:23:26.538: [INFO][Sync] ConfigurationDone, failed: , succeeded: , remaining count: 4
2026-05-26 15:23:26.538: [INFO][Sync] Prepare to configure types: Preferences, Passwords, Device Info, Send Tab To Self, Edge E Drop, Encryption Keys
2026-05-26 15:23:26.538: [INFO][SyncManagerImpl::ConfigureSyncer] Types to download: Preferences, Passwords, Device Info, Send Tab To Self, Edge E Drop, Encryption Keys with reason: 5
2026-05-26 15:23:26.538: [INFO][SyncSchedulerImpl::DoConfigurationSyncCycleJob] Blocked types:  and types to download: Preferences, Passwords, Device Info, Send Tab To Self, Edge E Drop, Encryption Keys
2026-05-26 15:23:26.796: [INFO][SyncEngineBackend::DoFinishConfigureDataTypes] Failed to download types:  and succeeded types: Preferences, Passwords, Device Info, Send Tab To Self, Edge E Drop, Encryption Keys
2026-05-26 15:23:26.833: [INFO][Sync] ConfigurationDone, failed: , succeeded: Preferences, Passwords, Device Info, Send Tab To Self, Edge E Drop, Encryption Keys, remaining count: 3
2026-05-26 15:23:26.833: [INFO][Sync] Prepare to configure types: Bookmarks, Encryption Keys
2026-05-26 15:23:26.833: [INFO][SyncManagerImpl::ConfigureSyncer] Types to download: Bookmarks, Encryption Keys with reason: 5
2026-05-26 15:23:26.833: [INFO][SyncSchedulerImpl::DoConfigurationSyncCycleJob] Blocked types:  and types to download: Bookmarks, Encryption Keys
2026-05-26 15:23:26.999: [INFO][SyncEngineBackend::DoFinishConfigureDataTypes] Failed to download types:  and succeeded types: Bookmarks, Encryption Keys
2026-05-26 15:23:27.007: [INFO][Sync] ConfigurationDone, failed: , succeeded: Bookmarks, Encryption Keys, remaining count: 2
2026-05-26 15:23:27.008: [INFO][Sync] Prepare to configure types: Autofill Profiles, Autofill, Extensions, Sessions, Extension settings, History Delete Directives, Web Apps, Saved Tab Group, WebAuthn Credentials, Collection, Edge Hub App Usage, Edge Wallet, Edge Workspace, Encryption Keys
2026-05-26 15:23:27.008: [INFO][SyncManagerImpl::ConfigureSyncer] Types to download: Autofill Profiles, Autofill, Extensions, Sessions, Extension settings, History Delete Directives, Web Apps, Saved Tab Group, WebAuthn Credentials, Collection, Edge Hub App Usage, Edge Wallet, Edge Workspace, Encryption Keys with reason: 5
2026-05-26 15:23:27.008: [INFO][SyncSchedulerImpl::DoConfigurationSyncCycleJob] Blocked types:  and types to download: Autofill Profiles, Autofill, Extensions, Sessions, Extension settings, History Delete Directives, Web Apps, Saved Tab Group, WebAuthn Credentials, Collection, Edge Hub App Usage, Edge Wallet, Edge Workspace, Encryption Keys
2026-05-26 15:23:27.189: [INFO][SyncEngineBackend::DoFinishConfigureDataTypes] Failed to download types:  and succeeded types: Autofill Profiles, Autofill, Extensions, Sessions, Extension settings, History Delete Directives, Web Apps, Saved Tab Group, WebAuthn Credentials, Collection, Edge Hub App Usage, Edge Wallet, Edge Workspace, Encryption Keys
2026-05-26 15:23:27.195: [INFO][Sync] ConfigurationDone, failed: , succeeded: Autofill Profiles, Autofill, Extensions, Sessions, Extension settings, History Delete Directives, Web Apps, Saved Tab Group, WebAuthn Credentials, Collection, Edge Hub App Usage, Edge Wallet, Edge Workspace, Encryption Keys, remaining count: 1
2026-05-26 15:23:27.202: [INFO][Sync] Prepare to configure types: History, Encryption Keys
2026-05-26 15:23:27.202: [INFO][SyncManagerImpl::ConfigureSyncer] Types to download: History, Encryption Keys with reason: 5
2026-05-26 15:23:27.202: [INFO][SyncSchedulerImpl::DoConfigurationSyncCycleJob] Blocked types:  and types to download: History, Encryption Keys
2026-05-26 15:23:27.386: [INFO][SyncEngineBackend::DoFinishConfigureDataTypes] Failed to download types:  and succeeded types: History, Encryption Keys
2026-05-26 15:23:27.393: [INFO][Sync] ConfigurationDone, failed: , succeeded: History, Encryption Keys, remaining count: 0
2026-05-26 15:23:27.400: [INFO][Sync]     Configuration completed, state: 7
2026-05-26 15:23:27.401: [INFO][Sync] Configured DataTypeManager: Ok
2026-05-26 15:23:27.410: [INFO][SyncEngineBackend::DoStartSyncing] Start syncing
2026-05-26 15:27:53.789: [INFO][Sync] Reset engine, reason: 0
2026-05-26 15:27:53.789: [INFO][Sync] Reset engine with reason: 0
2026-05-26 15:35:24.065: [INFO][Sync] SyncState after authenticated was: FeatureCanStart
2026-05-26 15:35:27.326: [INFO][SyncAuthManager::SetLastAuthError] Current auth error: None
2026-05-26 15:35:27.326: [INFO][SyncAuthManager::EdgeLogTokenErrorState] Token error with: None for account type: MSA
2026-05-26 15:35:27.326: [INFO][Sync] Credentials changed for: EdgeSyncKeyDataScope
2026-05-26 15:35:34.249: [INFO][Sync] Try to start sync engine
2026-05-26 15:35:34.250: [INFO][SyncManagerImpl::NudgeForInitialDownload] Initial download nudge for Encryption Keys
2026-05-26 15:35:34.250: [INFO][SyncEngineBackend::LoadAndConnectNigoriController] Load and connect Nigori controller
2026-05-26 15:35:34.250: [INFO][SyncEngineBackend::DoInitialize] Control Types added: Encryption Keys
2026-05-26 15:35:34.250: [INFO][SyncManagerImpl::ConfigureSyncer] Types to download: Encryption Keys with reason: 3
2026-05-26 15:35:34.250: [INFO][SyncEngineBackend::DoUpdateKeyDataCredentials] Update key data credentials
2026-05-26 15:35:34.250: [INFO][SyncSchedulerImpl::DoConfigurationSyncCycleJob] Configure job was blocked
2026-05-26 15:35:34.263: [INFO][SyncAuthManager::SetLastAuthError] Current auth error: None
2026-05-26 15:35:34.263: [INFO][SyncAuthManager::EdgeLogTokenErrorState] Token error with: None for account type: MSA
2026-05-26 15:35:34.263: [INFO][Sync] Credentials changed for: EdgeSyncScopeNew
2026-05-26 15:35:34.263: [INFO][SyncEngineBackend::DoUpdateCredentials] Update credentials
2026-05-26 15:35:34.263: [INFO][SyncSchedulerImpl::DoConfigurationSyncCycleJob] Blocked types:  and types to download: Encryption Keys
2026-05-26 15:35:34.675: [INFO][SyncEngineBackend::DoUpdateKeyDataCredentials] Update key data credentials
2026-05-26 15:35:34.697: [INFO][Sync] Started DataTypeManager configuration, reason: 4
2026-05-26 15:35:34.698: [INFO][Sync] Configuring for: Bookmarks, Preferences, Passwords, Autofill Profiles, Autofill, Extensions, Sessions, Extension settings, History Delete Directives, Device Info, User Consents, Send Tab To Self, Web Apps, History, Saved Tab Group, WebAuthn Credentials, Collection, Edge E Drop, Edge Hub App Usage, Edge Wallet, Edge Workspace, Encryption Keys, reason: 4, current state: 0
2026-05-26 15:35:34.698: [WARN][Sync] Crypto error data types: Passwords, Autofill Profiles, Autofill
2026-05-26 15:35:34.705: [INFO][Sync] Configure, desired: Bookmarks, Preferences, Extensions, Sessions, Extension settings, History Delete Directives, Device Info, User Consents, Send Tab To Self, Web Apps, History, Saved Tab Group, WebAuthn Credentials, Collection, Edge E Drop, Edge Hub App Usage, Edge Wallet, Edge Workspace, Encryption Keys; Allow fail: Passwords, Autofill Profiles, Autofill
2026-05-26 15:35:34.705: [INFO][Sync] Loading: Bookmarks
2026-05-26 15:35:34.705: [INFO][Sync] Loading: Preferences
2026-05-26 15:35:34.705: [INFO][Sync] Loading: Extensions
2026-05-26 15:35:34.705: [INFO][Sync] Loading: Sessions
2026-05-26 15:35:34.705: [INFO][Sync] Loading: Extension settings
2026-05-26 15:35:34.705: [INFO][Sync] Loading: History Delete Directives
2026-05-26 15:35:34.705: [INFO][Sync] Loading: Device Info
2026-05-26 15:35:34.705: [INFO][Sync] Loading: User Consents
2026-05-26 15:35:34.705: [INFO][Sync] Loading: Send Tab To Self
2026-05-26 15:35:34.705: [INFO][Sync] Loading: Web Apps
2026-05-26 15:35:34.705: [INFO][Sync] Loading: History
2026-05-26 15:35:34.705: [INFO][Sync] Loading: Saved Tab Group
2026-05-26 15:35:34.705: [INFO][Sync] Loading: WebAuthn Credentials
2026-05-26 15:35:34.705: [INFO][Sync] Loading: Collection
2026-05-26 15:35:34.705: [INFO][Sync] Loading: Edge E Drop
2026-05-26 15:35:34.705: [INFO][Sync] Loading: Edge Hub App Usage
2026-05-26 15:35:34.705: [INFO][Sync] Loading: Edge Wallet
2026-05-26 15:35:34.705: [INFO][Sync] Loading: Edge Workspace
2026-05-26 15:35:34.729: [INFO][Sync] All data types are ready for configure.
2026-05-26 15:35:35.453: [INFO][Sync] Started DataTypeManager configuration, reason: 5
2026-05-26 15:35:35.453: [INFO][Sync] Configuring for: Bookmarks, Preferences, Passwords, Autofill Profiles, Autofill, Extensions, Sessions, Extension settings, History Delete Directives, Device Info, User Consents, Send Tab To Self, Web Apps, History, Saved Tab Group, WebAuthn Credentials, Collection, Edge E Drop, Edge Hub App Usage, Edge Wallet, Edge Workspace, Encryption Keys, reason: 5, current state: 1
2026-05-26 15:35:35.454: [INFO][SyncEngineBackend::DoStartConfiguration] Start configuration
2026-05-26 15:35:35.454: [INFO][SyncManagerImpl::ConfigureSyncer] Types to download:  with reason: 4
2026-05-26 15:35:35.454: [INFO][SyncEngineBackend::DoFinishConfigureDataTypes] Failed to download types:  and succeeded types: 
2026-05-26 15:35:35.462: [INFO][Sync] ConfigurationDone, failed: , succeeded: , remaining count: 4
2026-05-26 15:35:35.462: [WARN][Sync]     Reconfigure requested while configuration ongoing.
2026-05-26 15:35:35.462: [INFO][Sync] Configuring for: Bookmarks, Preferences, Passwords, Autofill Profiles, Autofill, Extensions, Sessions, Extension settings, History Delete Directives, Device Info, User Consents, Send Tab To Self, Web Apps, History, Saved Tab Group, WebAuthn Credentials, Collection, Edge E Drop, Edge Hub App Usage, Edge Wallet, Edge Workspace, Encryption Keys, reason: 5, current state: 2
2026-05-26 15:35:35.462: [INFO][Sync] Configure, desired: Bookmarks, Preferences, Passwords, Autofill Profiles, Autofill, Extensions, Sessions, Extension settings, History Delete Directives, Device Info, User Consents, Send Tab To Self, Web Apps, History, Saved Tab Group, WebAuthn Credentials, Collection, Edge E Drop, Edge Hub App Usage, Edge Wallet, Edge Workspace, Encryption Keys; Allow fail: 
2026-05-26 15:35:35.462: [INFO][Sync] Loading: Passwords
2026-05-26 15:35:35.462: [INFO][Sync] Loading: Autofill Profiles
2026-05-26 15:35:35.462: [INFO][Sync] Loading: Autofill
2026-05-26 15:35:35.463: [INFO][Sync] All data types are ready for configure.
2026-05-26 15:35:35.463: [INFO][SyncManagerImpl::NudgeForInitialDownload] Initial download nudge for Passwords
2026-05-26 15:35:35.463: [INFO][SyncManagerImpl::ConfigureSyncer] Types to download:  with reason: 5
2026-05-26 15:35:35.463: [INFO][SyncEngineBackend::DoFinishConfigureDataTypes] Failed to download types:  and succeeded types: 
2026-05-26 15:35:35.464: [INFO][Sync] ConfigurationDone, failed: , succeeded: , remaining count: 4
2026-05-26 15:35:35.464: [INFO][Sync] Prepare to configure types: Passwords, Encryption Keys
2026-05-26 15:35:35.464: [INFO][SyncManagerImpl::ConfigureSyncer] Types to download: Passwords, Encryption Keys with reason: 5
2026-05-26 15:35:35.464: [INFO][SyncSchedulerImpl::DoConfigurationSyncCycleJob] Blocked types:  and types to download: Passwords, Encryption Keys
2026-05-26 15:35:35.637: [INFO][SyncEngineBackend::DoFinishConfigureDataTypes] Failed to download types:  and succeeded types: Passwords, Encryption Keys
2026-05-26 15:35:35.644: [INFO][Sync] ConfigurationDone, failed: , succeeded: Passwords, Encryption Keys, remaining count: 3
2026-05-26 15:35:35.644: [INFO][SyncManagerImpl::ConfigureSyncer] Types to download:  with reason: 5
2026-05-26 15:35:35.644: [INFO][SyncEngineBackend::DoFinishConfigureDataTypes] Failed to download types:  and succeeded types: 
2026-05-26 15:35:35.644: [INFO][Sync] ConfigurationDone, failed: , succeeded: , remaining count: 2
2026-05-26 15:35:35.644: [INFO][SyncManagerImpl::ConfigureSyncer] Types to download:  with reason: 5
2026-05-26 15:35:35.644: [INFO][SyncEngineBackend::DoFinishConfigureDataTypes] Failed to download types:  and succeeded types: 
2026-05-26 15:35:35.644: [INFO][Sync] ConfigurationDone, failed: , succeeded: , remaining count: 1
2026-05-26 15:35:35.652: [INFO][SyncManagerImpl::ConfigureSyncer] Types to download:  with reason: 5
2026-05-26 15:35:35.652: [INFO][SyncEngineBackend::DoFinishConfigureDataTypes] Failed to download types:  and succeeded types: 
2026-05-26 15:35:35.652: [INFO][Sync] ConfigurationDone, failed: , succeeded: , remaining count: 0
2026-05-26 15:35:35.659: [INFO][Sync]     Configuration completed, state: 7
2026-05-26 15:35:35.659: [INFO][Sync] Configured DataTypeManager: Ok
2026-05-26 15:35:35.667: [INFO][SyncEngineBackend::DoStartSyncing] Start syncing
2026-05-26 15:36:17.557: [INFO][SyncSchedulerImpl::OnSyncNetworkError] Syncer error: Network error (ERR_NETWORK_CHANGED)
2026-05-26 15:36:17.557: [INFO][Commit::ReportFullCommitFailure] Commit Autofill Profiles, Sessions, History failed with error: NetworkError
2026-05-26 15:36:17.558: [INFO][SyncSchedulerImpl::DoNudgeSyncCycleJob] Syncer error: Network error (ERR_NETWORK_CHANGED)
2026-05-26 15:36:17.561: [WARN][Sync] NetworkError: Network error (ERR_NETWORK_CHANGED)
2026-05-26 15:38:46.083: [INFO][Sync] Reset engine, reason: 0
2026-05-26 15:38:46.083: [INFO][Sync] Reset engine with reason: 0
